2025-10-16T19:24:18.1841506Z Current runner version: '2.328.0'
2025-10-16T19:24:18.1926475Z ##[group]Runner Image Provisioner
2025-10-16T19:24:18.1928145Z Hosted Compute Agent
2025-10-16T19:24:18.1929359Z Version: 20250912.392
2025-10-16T19:24:18.1930941Z Commit: d921fda672a98b64f4f82364647e2f10b2267d0b
2025-10-16T19:24:18.1932477Z Build Date: 2025-09-12T15:23:14Z
2025-10-16T19:24:18.1944464Z ##[endgroup]
2025-10-16T19:24:18.1945925Z ##[group]Operating System
2025-10-16T19:24:18.1947295Z Ubuntu
2025-10-16T19:24:18.1948530Z 24.04.3
2025-10-16T19:24:18.1949711Z LTS
2025-10-16T19:24:18.1950965Z ##[endgroup]
2025-10-16T19:24:18.1952231Z ##[group]Runner Image
2025-10-16T19:24:18.1953952Z Image: ubuntu-24.04
2025-10-16T19:24:18.1955334Z Version: 20250929.60.1
2025-10-16T19:24:18.1957729Z Included Software: https://github.com/actions/runner-images/blob/ubuntu24/20250929.60/images/ubuntu/Ubuntu2404-Readme.md
2025-10-16T19:24:18.1961039Z Image Release: https://github.com/actions/runner-images/releases/tag/ubuntu24%2F20250929.60
2025-10-16T19:24:18.1983692Z ##[endgroup]
2025-10-16T19:24:18.1986562Z ##[group]GITHUB_TOKEN Permissions
2025-10-16T19:24:18.1989765Z Contents: read
2025-10-16T19:24:18.1991048Z Metadata: read
2025-10-16T19:24:18.1992359Z Packages: read
2025-10-16T19:24:18.1993788Z ##[endgroup]
2025-10-16T19:24:18.1997512Z Secret source: Actions
2025-10-16T19:24:18.1999317Z Prepare workflow directory
2025-10-16T19:24:18.2875041Z Prepare all required actions
2025-10-16T19:24:18.2931094Z Getting action download info
2025-10-16T19:24:18.7245474Z Download action repository 'actions/checkout@v4' (SHA:08eba0b27e820071cde6df949e0beb9ba4906955)
2025-10-16T19:24:18.8998647Z Download action repository 'actions/setup-python@v5' (SHA:a26af69be951a213d495a4c3e4e4022e16d87065)
2025-10-16T19:24:18.9875890Z Download action repository 'azure/login@v2' (SHA:a457da9ea143d694b1b9c7c869ebb04ebe844ef5)
2025-10-16T19:24:19.3446465Z Download action repository 'azure/webapps-deploy@v3' (SHA:657f0700ea5214d56a0400d8ac5e8023c963d25d)
2025-10-16T19:24:22.5730549Z Complete job name: Déploiement sur Azure App Service
2025-10-16T19:24:22.6387934Z ##[group]Run actions/checkout@v4
2025-10-16T19:24:22.6388630Z with:
2025-10-16T19:24:22.6388979Z   repository: theven1anthony/sentiment_analysis
2025-10-16T19:24:22.6389542Z   token: ***
2025-10-16T19:24:22.6389849Z   ssh-strict: true
2025-10-16T19:24:22.6390146Z   ssh-user: git
2025-10-16T19:24:22.6390449Z   persist-credentials: true
2025-10-16T19:24:22.6390782Z   clean: true
2025-10-16T19:24:22.6391091Z   sparse-checkout-cone-mode: true
2025-10-16T19:24:22.6391443Z   fetch-depth: 1
2025-10-16T19:24:22.6391742Z   fetch-tags: false
2025-10-16T19:24:22.6392043Z   show-progress: true
2025-10-16T19:24:22.6392350Z   lfs: false
2025-10-16T19:24:22.6392642Z   submodules: false
2025-10-16T19:24:22.6392956Z   set-safe-directory: true
2025-10-16T19:24:22.6393903Z env:
2025-10-16T19:24:22.6394256Z   AZURE_WEBAPP_NAME: sentiment-api-at2025
2025-10-16T19:24:22.6394669Z   AZURE_WEBAPP_PACKAGE_PATH: .
2025-10-16T19:24:22.6395019Z   PYTHON_VERSION: 3.12
2025-10-16T19:24:22.6395358Z ##[endgroup]
2025-10-16T19:24:22.7517527Z Syncing repository: theven1anthony/sentiment_analysis
2025-10-16T19:24:22.7519536Z ##[group]Getting Git version info
2025-10-16T19:24:22.7520184Z Working directory is '/home/runner/work/sentiment_analysis/sentiment_analysis'
2025-10-16T19:24:22.7520945Z [command]/usr/bin/git version
2025-10-16T19:24:22.7612733Z git version 2.51.0
2025-10-16T19:24:22.7642081Z ##[endgroup]
2025-10-16T19:24:22.7658468Z Temporarily overriding HOME='/home/runner/work/_temp/d7dbfd91-c9e3-4d00-9e72-7b42fa2e1803' before making global git config changes
2025-10-16T19:24:22.7662344Z Adding repository directory to the temporary git global config as a safe directory
2025-10-16T19:24:22.7665656Z [command]/usr/bin/git config --global --add safe.directory /home/runner/work/sentiment_analysis/sentiment_analysis
2025-10-16T19:24:22.7709797Z Deleting the contents of '/home/runner/work/sentiment_analysis/sentiment_analysis'
2025-10-16T19:24:22.7715660Z ##[group]Initializing the repository
2025-10-16T19:24:22.7720712Z [command]/usr/bin/git init /home/runner/work/sentiment_analysis/sentiment_analysis
2025-10-16T19:24:22.7833395Z hint: Using 'master' as the name for the initial branch. This default branch name
2025-10-16T19:24:22.7840039Z hint: is subject to change. To configure the initial branch name to use in all
2025-10-16T19:24:22.7841246Z hint: of your new repositories, which will suppress this warning, call:
2025-10-16T19:24:22.7842167Z hint:
2025-10-16T19:24:22.7842930Z hint: 	git config --global init.defaultBranch <name>
2025-10-16T19:24:22.7844045Z hint:
2025-10-16T19:24:22.7844758Z hint: Names commonly chosen instead of 'master' are 'main', 'trunk' and
2025-10-16T19:24:22.7845781Z hint: 'development'. The just-created branch can be renamed via this command:
2025-10-16T19:24:22.7846584Z hint:
2025-10-16T19:24:22.7847085Z hint: 	git branch -m <name>
2025-10-16T19:24:22.7847685Z hint:
2025-10-16T19:24:22.7848536Z hint: Disable this message with "git config set advice.defaultBranchName false"
2025-10-16T19:24:22.7849899Z Initialized empty Git repository in /home/runner/work/sentiment_analysis/sentiment_analysis/.git/
2025-10-16T19:24:22.7858351Z [command]/usr/bin/git remote add origin https://github.com/theven1anthony/sentiment_analysis
2025-10-16T19:24:22.7899838Z ##[endgroup]
2025-10-16T19:24:22.7900823Z ##[group]Disabling automatic garbage collection
2025-10-16T19:24:22.7906017Z [command]/usr/bin/git config --local gc.auto 0
2025-10-16T19:24:22.7938866Z ##[endgroup]
2025-10-16T19:24:22.7939929Z ##[group]Setting up auth
2025-10-16T19:24:22.7946708Z [command]/usr/bin/git config --local --name-only --get-regexp core\.sshCommand
2025-10-16T19:24:22.7979989Z [command]/usr/bin/git submodule foreach --recursive sh -c "git config --local --name-only --get-regexp 'core\.sshCommand' && git config --local --unset-all 'core.sshCommand' || :"
2025-10-16T19:24:22.8328156Z [command]/usr/bin/git config --local --name-only --get-regexp http\.https\:\/\/github\.com\/\.extraheader
2025-10-16T19:24:22.8360628Z [command]/usr/bin/git submodule foreach --recursive sh -c "git config --local --name-only --get-regexp 'http\.https\:\/\/github\.com\/\.extraheader' && git config --local --unset-all 'http.https://github.com/.extraheader' || :"
2025-10-16T19:24:22.8590073Z [command]/usr/bin/git config --local http.https://github.com/.extraheader AUTHORIZATION: basic ***
2025-10-16T19:24:22.8626044Z ##[endgroup]
2025-10-16T19:24:22.8628232Z ##[group]Fetching the repository
2025-10-16T19:24:22.8637127Z [command]/usr/bin/git -c protocol.version=2 fetch --no-tags --prune --no-recurse-submodules --depth=1 origin +6ac28818c9bc442b69fde8f77b0bd39aa014a882:refs/remotes/origin/main
2025-10-16T19:24:24.6872795Z From https://github.com/theven1anthony/sentiment_analysis
2025-10-16T19:24:24.6884766Z  * [new ref]         6ac28818c9bc442b69fde8f77b0bd39aa014a882 -> origin/main
2025-10-16T19:24:24.6907123Z ##[endgroup]
2025-10-16T19:24:24.6911313Z ##[group]Determining the checkout info
2025-10-16T19:24:24.6913920Z ##[endgroup]
2025-10-16T19:24:24.6916394Z [command]/usr/bin/git sparse-checkout disable
2025-10-16T19:24:24.6974632Z [command]/usr/bin/git config --local --unset-all extensions.worktreeConfig
2025-10-16T19:24:24.7022495Z ##[group]Checking out the ref
2025-10-16T19:24:24.7027857Z [command]/usr/bin/git checkout --progress --force -B main refs/remotes/origin/main
2025-10-16T19:24:24.8282181Z Switched to a new branch 'main'
2025-10-16T19:24:24.8283916Z branch 'main' set up to track 'origin/main'.
2025-10-16T19:24:24.8299392Z ##[endgroup]
2025-10-16T19:24:24.8365363Z [command]/usr/bin/git log -1 --format=%H
2025-10-16T19:24:24.8398694Z 6ac28818c9bc442b69fde8f77b0bd39aa014a882
2025-10-16T19:24:24.8652474Z ##[group]Run actions/setup-python@v5
2025-10-16T19:24:24.8652838Z with:
2025-10-16T19:24:24.8653101Z   python-version: 3.12
2025-10-16T19:24:24.8653751Z   check-latest: false
2025-10-16T19:24:24.8654116Z   token: ***
2025-10-16T19:24:24.8654384Z   update-environment: true
2025-10-16T19:24:24.8654676Z   allow-prereleases: false
2025-10-16T19:24:24.8655151Z   freethreaded: false
2025-10-16T19:24:24.8655403Z env:
2025-10-16T19:24:24.8655652Z   AZURE_WEBAPP_NAME: sentiment-api-at2025
2025-10-16T19:24:24.8656004Z   AZURE_WEBAPP_PACKAGE_PATH: .
2025-10-16T19:24:24.8656299Z   PYTHON_VERSION: 3.12
2025-10-16T19:24:24.8656549Z ##[endgroup]
2025-10-16T19:24:25.0331474Z ##[group]Installed versions
2025-10-16T19:24:25.0446432Z Successfully set up CPython (3.12.11)
2025-10-16T19:24:25.0448893Z ##[endgroup]
2025-10-16T19:24:25.0558495Z ##[group]Run python -m pip install --upgrade pip
2025-10-16T19:24:25.0558983Z [36;1mpython -m pip install --upgrade pip[0m
2025-10-16T19:24:25.0559371Z [36;1mpip install -r requirements-api.txt[0m
2025-10-16T19:24:25.0743422Z shell: /usr/bin/bash -e ***0***
2025-10-16T19:24:25.0743758Z env:
2025-10-16T19:24:25.0744026Z   AZURE_WEBAPP_NAME: sentiment-api-at2025
2025-10-16T19:24:25.0744384Z   AZURE_WEBAPP_PACKAGE_PATH: .
2025-10-16T19:24:25.0744675Z   PYTHON_VERSION: 3.12
2025-10-16T19:24:25.0745004Z   pythonLocation: /opt/hostedtoolcache/Python/3.12.11/x64
2025-10-16T19:24:25.0745504Z   PKG_CONFIG_PATH: /opt/hostedtoolcache/Python/3.12.11/x64/lib/pkgconfig
2025-10-16T19:24:25.0745958Z   Python_ROOT_DIR: /opt/hostedtoolcache/Python/3.12.11/x64
2025-10-16T19:24:25.0746383Z   Python2_ROOT_DIR: /opt/hostedtoolcache/Python/3.12.11/x64
2025-10-16T19:24:25.0746799Z   Python3_ROOT_DIR: /opt/hostedtoolcache/Python/3.12.11/x64
2025-10-16T19:24:25.0747250Z   LD_LIBRARY_PATH: /opt/hostedtoolcache/Python/3.12.11/x64/lib
2025-10-16T19:24:25.0747610Z ##[endgroup]
2025-10-16T19:24:29.0205549Z Requirement already satisfied: pip in /opt/hostedtoolcache/Python/3.12.11/x64/lib/python3.12/site-packages (25.2)
2025-10-16T19:24:29.6701377Z Collecting fastapi>=0.118.0 (from -r requirements-api.txt (line 6))
2025-10-16T19:24:29.7518555Z   Downloading fastapi-0.119.0-py3-none-any.whl.metadata (28 kB)
2025-10-16T19:24:29.7939973Z Collecting uvicorn>=0.23.0 (from uvicorn[standard]>=0.23.0->-r requirements-api.txt (line 7))
2025-10-16T19:24:29.8137096Z   Downloading uvicorn-0.37.0-py3-none-any.whl.metadata (6.6 kB)
2025-10-16T19:24:29.8337644Z Collecting gunicorn>=21.2.0 (from -r requirements-api.txt (line 8))
2025-10-16T19:24:29.8534340Z   Downloading gunicorn-23.0.0-py3-none-any.whl.metadata (4.4 kB)
2025-10-16T19:24:30.0399994Z Collecting numpy<2.0.0,>=1.26.0 (from -r requirements-api.txt (line 11))
2025-10-16T19:24:30.0597592Z   Downloading numpy-1.26.4-cp312-cp312-manylinux_2_17_x86_64.manylinux2014_x86_64.whl.metadata (61 kB)
2025-10-16T19:24:30.1902065Z Collecting pandas>=2.0.0 (from -r requirements-api.txt (line 12))
2025-10-16T19:24:30.2099798Z   Downloading pandas-2.3.3-cp312-cp312-manylinux_2_24_x86_64.manylinux_2_28_x86_64.whl.metadata (91 kB)
2025-10-16T19:24:30.3310020Z Collecting scikit-learn>=1.3.0 (from -r requirements-api.txt (line 13))
2025-10-16T19:24:30.3509872Z   Downloading scikit_learn-1.7.2-cp312-cp312-manylinux2014_x86_64.manylinux_2_17_x86_64.whl.metadata (11 kB)
2025-10-16T19:24:30.4196070Z Collecting tensorflow-cpu==2.20.0 (from -r requirements-api.txt (line 16))
2025-10-16T19:24:30.4393775Z   Downloading tensorflow_cpu-2.20.0-cp312-cp312-manylinux_2_17_x86_64.manylinux2014_x86_64.whl.metadata (4.5 kB)
2025-10-16T19:24:30.4585161Z Collecting nltk>=3.9.0 (from -r requirements-api.txt (line 20))
2025-10-16T19:24:30.4780720Z   Downloading nltk-3.9.2-py3-none-any.whl.metadata (3.2 kB)
2025-10-16T19:24:30.5256843Z Collecting gensim>=4.3.2 (from -r requirements-api.txt (line 21))
2025-10-16T19:24:30.5455099Z   Downloading gensim-4.3.3-cp312-cp312-manylinux_2_17_x86_64.manylinux2014_x86_64.whl.metadata (8.1 kB)
2025-10-16T19:24:30.5821260Z Collecting mlflow>=2.16.0 (from -r requirements-api.txt (line 24))
2025-10-16T19:24:30.6014725Z   Downloading mlflow-3.5.0-py3-none-any.whl.metadata (30 kB)
2025-10-16T19:24:30.6305579Z Collecting python-dotenv>=1.0.0 (from -r requirements-api.txt (line 27))
2025-10-16T19:24:30.6504529Z   Downloading python_dotenv-1.1.1-py3-none-any.whl.metadata (24 kB)
2025-10-16T19:24:30.6782199Z Collecting requests>=2.32.0 (from -r requirements-api.txt (line 28))
2025-10-16T19:24:30.6976924Z   Downloading requests-2.32.5-py3-none-any.whl.metadata (4.9 kB)
2025-10-16T19:24:30.8162854Z Collecting pydantic>=2.0.0 (from -r requirements-api.txt (line 29))
2025-10-16T19:24:30.8360294Z   Downloading pydantic-2.12.2-py3-none-any.whl.metadata (85 kB)
2025-10-16T19:24:30.8605229Z Collecting azure-monitor-opentelemetry>=1.6.0 (from -r requirements-api.txt (line 32))
2025-10-16T19:24:30.8801205Z   Downloading azure_monitor_opentelemetry-1.8.1-py3-none-any.whl.metadata (23 kB)
2025-10-16T19:24:30.9024344Z Collecting opentelemetry-instrumentation-fastapi>=0.48b0 (from -r requirements-api.txt (line 33))
2025-10-16T19:24:30.9215318Z   Downloading opentelemetry_instrumentation_fastapi-0.59b0-py3-none-any.whl.metadata (2.2 kB)
2025-10-16T19:24:30.9433606Z Collecting azure-identity>=1.17.0 (from -r requirements-api.txt (line 34))
2025-10-16T19:24:30.9628928Z   Downloading azure_identity-1.25.1-py3-none-any.whl.metadata (88 kB)
2025-10-16T19:24:30.9866855Z Collecting absl-py>=1.0.0 (from tensorflow-cpu==2.20.0->-r requirements-api.txt (line 16))
2025-10-16T19:24:31.0060791Z   Downloading absl_py-2.3.1-py3-none-any.whl.metadata (3.3 kB)
2025-10-16T19:24:31.0189475Z Collecting astunparse>=1.6.0 (from tensorflow-cpu==2.20.0->-r requirements-api.txt (line 16))
2025-10-16T19:24:31.0383576Z   Downloading astunparse-1.6.3-py2.py3-none-any.whl.metadata (4.4 kB)
2025-10-16T19:24:31.0695437Z Collecting flatbuffers>=24.3.25 (from tensorflow-cpu==2.20.0->-r requirements-api.txt (line 16))
2025-10-16T19:24:31.0889649Z   Downloading flatbuffers-25.9.23-py2.py3-none-any.whl.metadata (875 bytes)
2025-10-16T19:24:31.1050709Z Collecting gast!=0.5.0,!=0.5.1,!=0.5.2,>=0.2.1 (from tensorflow-cpu==2.20.0->-r requirements-api.txt (line 16))
2025-10-16T19:24:31.1422509Z   Downloading gast-0.6.0-py3-none-any.whl.metadata (1.3 kB)
2025-10-16T19:24:31.1568577Z Collecting google_pasta>=0.1.1 (from tensorflow-cpu==2.20.0->-r requirements-api.txt (line 16))
2025-10-16T19:24:31.1764732Z   Downloading google_pasta-0.2.0-py3-none-any.whl.metadata (814 bytes)
2025-10-16T19:24:31.1945859Z Collecting libclang>=13.0.0 (from tensorflow-cpu==2.20.0->-r requirements-api.txt (line 16))
2025-10-16T19:24:31.2141639Z   Downloading libclang-18.1.1-py2.py3-none-manylinux2010_x86_64.whl.metadata (5.2 kB)
2025-10-16T19:24:31.2267698Z Collecting opt_einsum>=2.3.2 (from tensorflow-cpu==2.20.0->-r requirements-api.txt (line 16))
2025-10-16T19:24:31.2462899Z   Downloading opt_einsum-3.4.0-py3-none-any.whl.metadata (6.3 kB)
2025-10-16T19:24:31.2639733Z Collecting packaging (from tensorflow-cpu==2.20.0->-r requirements-api.txt (line 16))
2025-10-16T19:24:31.2834477Z   Downloading packaging-25.0-py3-none-any.whl.metadata (3.3 kB)
2025-10-16T19:24:31.4389970Z Collecting protobuf>=5.28.0 (from tensorflow-cpu==2.20.0->-r requirements-api.txt (line 16))
2025-10-16T19:24:31.4586204Z   Downloading protobuf-6.33.0-cp39-abi3-manylinux2014_x86_64.whl.metadata (593 bytes)
2025-10-16T19:24:31.5849277Z Collecting setuptools (from tensorflow-cpu==2.20.0->-r requirements-api.txt (line 16))
2025-10-16T19:24:31.6041169Z   Downloading setuptools-80.9.0-py3-none-any.whl.metadata (6.6 kB)
2025-10-16T19:24:31.6266339Z Collecting six>=1.12.0 (from tensorflow-cpu==2.20.0->-r requirements-api.txt (line 16))
2025-10-16T19:24:31.6460651Z   Downloading six-1.17.0-py2.py3-none-any.whl.metadata (1.7 kB)
2025-10-16T19:24:31.6582851Z Collecting termcolor>=1.1.0 (from tensorflow-cpu==2.20.0->-r requirements-api.txt (line 16))
2025-10-16T19:24:31.6778752Z   Downloading termcolor-3.1.0-py3-none-any.whl.metadata (6.4 kB)
2025-10-16T19:24:31.7007855Z Collecting typing_extensions>=3.6.6 (from tensorflow-cpu==2.20.0->-r requirements-api.txt (line 16))
2025-10-16T19:24:31.7203787Z   Downloading typing_extensions-4.15.0-py3-none-any.whl.metadata (3.3 kB)
2025-10-16T19:24:31.8325827Z Collecting wrapt>=1.11.0 (from tensorflow-cpu==2.20.0->-r requirements-api.txt (line 16))
2025-10-16T19:24:31.8522706Z   Downloading wrapt-1.17.3-cp312-cp312-manylinux1_x86_64.manylinux_2_28_x86_64.manylinux_2_5_x86_64.whl.metadata (6.4 kB)
2025-10-16T19:24:32.3679501Z Collecting grpcio<2.0,>=1.24.3 (from tensorflow-cpu==2.20.0->-r requirements-api.txt (line 16))
2025-10-16T19:24:32.3889565Z   Downloading grpcio-1.75.1-cp312-cp312-manylinux2014_x86_64.manylinux_2_17_x86_64.whl.metadata (3.7 kB)
2025-10-16T19:24:32.4105056Z Collecting tensorboard~=2.20.0 (from tensorflow-cpu==2.20.0->-r requirements-api.txt (line 16))
2025-10-16T19:24:32.4298789Z   Downloading tensorboard-2.20.0-py3-none-any.whl.metadata (1.8 kB)
2025-10-16T19:24:32.4574230Z Collecting keras>=3.10.0 (from tensorflow-cpu==2.20.0->-r requirements-api.txt (line 16))
2025-10-16T19:24:32.4769613Z   Downloading keras-3.11.3-py3-none-any.whl.metadata (5.9 kB)
2025-10-16T19:24:32.5211262Z Collecting h5py>=3.11.0 (from tensorflow-cpu==2.20.0->-r requirements-api.txt (line 16))
2025-10-16T19:24:32.5407288Z   Downloading h5py-3.15.1-cp312-cp312-manylinux_2_27_x86_64.manylinux_2_28_x86_64.whl.metadata (3.0 kB)
2025-10-16T19:24:32.5654321Z Collecting ml_dtypes<1.0.0,>=0.5.1 (from tensorflow-cpu==2.20.0->-r requirements-api.txt (line 16))
2025-10-16T19:24:32.5848606Z   Downloading ml_dtypes-0.5.3-cp312-cp312-manylinux_2_27_x86_64.manylinux_2_28_x86_64.whl.metadata (8.9 kB)
2025-10-16T19:24:32.6704580Z Collecting charset_normalizer<4,>=2 (from requests>=2.32.0->-r requirements-api.txt (line 28))
2025-10-16T19:24:32.6902829Z   Downloading charset_normalizer-3.4.4-cp312-cp312-manylinux2014_x86_64.manylinux_2_17_x86_64.manylinux_2_28_x86_64.whl.metadata (37 kB)
2025-10-16T19:24:32.7076909Z Collecting idna<4,>=2.5 (from requests>=2.32.0->-r requirements-api.txt (line 28))
2025-10-16T19:24:32.7277094Z   Downloading idna-3.11-py3-none-any.whl.metadata (8.4 kB)
2025-10-16T19:24:32.7565666Z Collecting urllib3<3,>=1.21.1 (from requests>=2.32.0->-r requirements-api.txt (line 28))
2025-10-16T19:24:32.7761717Z   Downloading urllib3-2.5.0-py3-none-any.whl.metadata (6.5 kB)
2025-10-16T19:24:32.7982821Z Collecting certifi>=2017.4.17 (from requests>=2.32.0->-r requirements-api.txt (line 28))
2025-10-16T19:24:32.8176500Z   Downloading certifi-2025.10.5-py3-none-any.whl.metadata (2.5 kB)
2025-10-16T19:24:32.8849995Z Collecting markdown>=2.6.8 (from tensorboard~=2.20.0->tensorflow-cpu==2.20.0->-r requirements-api.txt (line 16))
2025-10-16T19:24:32.9044531Z   Downloading markdown-3.9-py3-none-any.whl.metadata (5.1 kB)
2025-10-16T19:24:33.1182788Z Collecting pillow (from tensorboard~=2.20.0->tensorflow-cpu==2.20.0->-r requirements-api.txt (line 16))
2025-10-16T19:24:33.1379370Z   Downloading pillow-12.0.0-cp312-cp312-manylinux_2_27_x86_64.manylinux_2_28_x86_64.whl.metadata (8.8 kB)
2025-10-16T19:24:33.2272233Z Collecting tensorboard-data-server<0.8.0,>=0.7.0 (from tensorboard~=2.20.0->tensorflow-cpu==2.20.0->-r requirements-api.txt (line 16))
2025-10-16T19:24:33.2466747Z   Downloading tensorboard_data_server-0.7.2-py3-none-manylinux_2_31_x86_64.whl.metadata (1.1 kB)
2025-10-16T19:24:33.2701658Z Collecting werkzeug>=1.0.1 (from tensorboard~=2.20.0->tensorflow-cpu==2.20.0->-r requirements-api.txt (line 16))
2025-10-16T19:24:33.2895273Z   Downloading werkzeug-3.1.3-py3-none-any.whl.metadata (3.7 kB)
2025-10-16T19:24:33.3207616Z Collecting starlette<0.49.0,>=0.40.0 (from fastapi>=0.118.0->-r requirements-api.txt (line 6))
2025-10-16T19:24:33.3409056Z   Downloading starlette-0.48.0-py3-none-any.whl.metadata (6.3 kB)
2025-10-16T19:24:33.3939780Z Collecting annotated-types>=0.6.0 (from pydantic>=2.0.0->-r requirements-api.txt (line 29))
2025-10-16T19:24:33.4135070Z   Downloading annotated_types-0.7.0-py3-none-any.whl.metadata (15 kB)
2025-10-16T19:24:34.1749339Z Collecting pydantic-core==2.41.4 (from pydantic>=2.0.0->-r requirements-api.txt (line 29))
2025-10-16T19:24:34.1947787Z   Downloading pydantic_core-2.41.4-cp312-cp312-manylinux_2_17_x86_64.manylinux2014_x86_64.whl.metadata (7.3 kB)
2025-10-16T19:24:34.2124957Z Collecting typing-inspection>=0.4.2 (from pydantic>=2.0.0->-r requirements-api.txt (line 29))
2025-10-16T19:24:34.2319653Z   Downloading typing_inspection-0.4.2-py3-none-any.whl.metadata (2.6 kB)
2025-10-16T19:24:34.2554409Z Collecting anyio<5,>=3.6.2 (from starlette<0.49.0,>=0.40.0->fastapi>=0.118.0->-r requirements-api.txt (line 6))
2025-10-16T19:24:34.2749891Z   Downloading anyio-4.11.0-py3-none-any.whl.metadata (4.1 kB)
2025-10-16T19:24:34.2965920Z Collecting sniffio>=1.1 (from anyio<5,>=3.6.2->starlette<0.49.0,>=0.40.0->fastapi>=0.118.0->-r requirements-api.txt (line 6))
2025-10-16T19:24:34.3161531Z   Downloading sniffio-1.3.1-py3-none-any.whl.metadata (3.9 kB)
2025-10-16T19:24:34.3421511Z Collecting click>=7.0 (from uvicorn>=0.23.0->uvicorn[standard]>=0.23.0->-r requirements-api.txt (line 7))
2025-10-16T19:24:34.3616442Z   Downloading click-8.3.0-py3-none-any.whl.metadata (2.6 kB)
2025-10-16T19:24:34.3767730Z Collecting h11>=0.8 (from uvicorn>=0.23.0->uvicorn[standard]>=0.23.0->-r requirements-api.txt (line 7))
2025-10-16T19:24:34.3964991Z   Downloading h11-0.16.0-py3-none-any.whl.metadata (8.3 kB)
2025-10-16T19:24:34.4142832Z Collecting python-dateutil>=2.8.2 (from pandas>=2.0.0->-r requirements-api.txt (line 12))
2025-10-16T19:24:34.4339429Z   Downloading python_dateutil-2.9.0.post0-py2.py3-none-any.whl.metadata (8.4 kB)
2025-10-16T19:24:34.4722824Z Collecting pytz>=2020.1 (from pandas>=2.0.0->-r requirements-api.txt (line 12))
2025-10-16T19:24:34.4917389Z   Downloading pytz-2025.2-py2.py3-none-any.whl.metadata (22 kB)
2025-10-16T19:24:34.5075755Z Collecting tzdata>=2022.7 (from pandas>=2.0.0->-r requirements-api.txt (line 12))
2025-10-16T19:24:34.5270007Z   Downloading tzdata-2025.2-py2.py3-none-any.whl.metadata (1.4 kB)
2025-10-16T19:24:34.6642522Z Collecting scipy>=1.8.0 (from scikit-learn>=1.3.0->-r requirements-api.txt (line 13))
2025-10-16T19:24:34.6839172Z   Downloading scipy-1.16.2-cp312-cp312-manylinux2014_x86_64.manylinux_2_17_x86_64.whl.metadata (62 kB)
2025-10-16T19:24:34.7199668Z Collecting joblib>=1.2.0 (from scikit-learn>=1.3.0->-r requirements-api.txt (line 13))
2025-10-16T19:24:34.7393711Z   Downloading joblib-1.5.2-py3-none-any.whl.metadata (5.6 kB)
2025-10-16T19:24:34.7510139Z Collecting threadpoolctl>=3.1.0 (from scikit-learn>=1.3.0->-r requirements-api.txt (line 13))
2025-10-16T19:24:34.7706824Z   Downloading threadpoolctl-3.6.0-py3-none-any.whl.metadata (13 kB)
2025-10-16T19:24:35.1030727Z Collecting regex>=2021.8.3 (from nltk>=3.9.0->-r requirements-api.txt (line 20))
2025-10-16T19:24:35.1228820Z   Downloading regex-2025.9.18-cp312-cp312-manylinux2014_x86_64.manylinux_2_17_x86_64.manylinux_2_28_x86_64.whl.metadata (40 kB)
2025-10-16T19:24:35.1719143Z Collecting tqdm (from nltk>=3.9.0->-r requirements-api.txt (line 20))
2025-10-16T19:24:35.1905379Z   Downloading tqdm-4.67.1-py3-none-any.whl.metadata (57 kB)
2025-10-16T19:24:35.2162130Z Collecting scipy>=1.8.0 (from scikit-learn>=1.3.0->-r requirements-api.txt (line 13))
2025-10-16T19:24:35.2358211Z   Downloading scipy-1.13.1-cp312-cp312-manylinux_2_17_x86_64.manylinux2014_x86_64.whl.metadata (60 kB)
2025-10-16T19:24:35.2669639Z Collecting smart-open>=1.8.1 (from gensim>=4.3.2->-r requirements-api.txt (line 21))
2025-10-16T19:24:35.2862663Z   Downloading smart_open-7.3.1-py3-none-any.whl.metadata (24 kB)
2025-10-16T19:24:35.3521511Z Collecting mlflow-skinny==3.5.0 (from mlflow>=2.16.0->-r requirements-api.txt (line 24))
2025-10-16T19:24:35.3715974Z   Downloading mlflow_skinny-3.5.0-py3-none-any.whl.metadata (31 kB)
2025-10-16T19:24:35.3902805Z Collecting mlflow-tracing==3.5.0 (from mlflow>=2.16.0->-r requirements-api.txt (line 24))
2025-10-16T19:24:35.4095933Z   Downloading mlflow_tracing-3.5.0-py3-none-any.whl.metadata (19 kB)
2025-10-16T19:24:35.4313766Z Collecting Flask-CORS<7 (from mlflow>=2.16.0->-r requirements-api.txt (line 24))
2025-10-16T19:24:35.4508215Z   Downloading flask_cors-6.0.1-py3-none-any.whl.metadata (5.3 kB)
2025-10-16T19:24:35.5450178Z Collecting Flask<4 (from mlflow>=2.16.0->-r requirements-api.txt (line 24))
2025-10-16T19:24:35.5647096Z   Downloading flask-3.1.2-py3-none-any.whl.metadata (3.2 kB)
2025-10-16T19:24:35.5963743Z Collecting alembic!=1.10.0,<2 (from mlflow>=2.16.0->-r requirements-api.txt (line 24))
2025-10-16T19:24:35.6157902Z   Downloading alembic-1.17.0-py3-none-any.whl.metadata (7.2 kB)
2025-10-16T19:24:35.8019451Z Collecting cryptography<47,>=43.0.0 (from mlflow>=2.16.0->-r requirements-api.txt (line 24))
2025-10-16T19:24:35.8221615Z   Downloading cryptography-46.0.3-cp311-abi3-manylinux_2_34_x86_64.whl.metadata (5.7 kB)
2025-10-16T19:24:35.8487564Z Collecting docker<8,>=4.0.0 (from mlflow>=2.16.0->-r requirements-api.txt (line 24))
2025-10-16T19:24:35.8685087Z   Downloading docker-7.1.0-py3-none-any.whl.metadata (3.8 kB)
2025-10-16T19:24:35.8935122Z Collecting fastmcp<3,>=2.0.0 (from mlflow>=2.16.0->-r requirements-api.txt (line 24))
2025-10-16T19:24:35.9131023Z   Downloading fastmcp-2.12.4-py3-none-any.whl.metadata (19 kB)
2025-10-16T19:24:35.9367635Z Collecting graphene<4 (from mlflow>=2.16.0->-r requirements-api.txt (line 24))
2025-10-16T19:24:35.9585207Z   Downloading graphene-3.4.3-py2.py3-none-any.whl.metadata (6.9 kB)
2025-10-16T19:24:36.0966851Z Collecting matplotlib<4 (from mlflow>=2.16.0->-r requirements-api.txt (line 24))
2025-10-16T19:24:36.1164897Z   Downloading matplotlib-3.10.7-cp312-cp312-manylinux2014_x86_64.manylinux_2_17_x86_64.whl.metadata (11 kB)
2025-10-16T19:24:36.2137919Z Collecting pyarrow<22,>=4.0.0 (from mlflow>=2.16.0->-r requirements-api.txt (line 24))
2025-10-16T19:24:36.2350403Z   Downloading pyarrow-21.0.0-cp312-cp312-manylinux_2_28_x86_64.whl.metadata (3.3 kB)
2025-10-16T19:24:36.5118810Z Collecting sqlalchemy<3,>=1.4.0 (from mlflow>=2.16.0->-r requirements-api.txt (line 24))
2025-10-16T19:24:36.5317576Z   Downloading sqlalchemy-2.0.44-cp312-cp312-manylinux_2_17_x86_64.manylinux2014_x86_64.whl.metadata (9.5 kB)
2025-10-16T19:24:36.5604297Z Collecting cachetools<7,>=5.0.0 (from mlflow-skinny==3.5.0->mlflow>=2.16.0->-r requirements-api.txt (line 24))
2025-10-16T19:24:36.5798282Z   Downloading cachetools-6.2.1-py3-none-any.whl.metadata (5.5 kB)
2025-10-16T19:24:36.6042416Z Collecting cloudpickle<4 (from mlflow-skinny==3.5.0->mlflow>=2.16.0->-r requirements-api.txt (line 24))
2025-10-16T19:24:36.6234886Z   Downloading cloudpickle-3.1.1-py3-none-any.whl.metadata (7.1 kB)
2025-10-16T19:24:36.6553080Z Collecting databricks-sdk<1,>=0.20.0 (from mlflow-skinny==3.5.0->mlflow>=2.16.0->-r requirements-api.txt (line 24))
2025-10-16T19:24:36.6746992Z   Downloading databricks_sdk-0.68.0-py3-none-any.whl.metadata (39 kB)
2025-10-16T19:24:36.7219532Z Collecting gitpython<4,>=3.1.9 (from mlflow-skinny==3.5.0->mlflow>=2.16.0->-r requirements-api.txt (line 24))
2025-10-16T19:24:36.7415608Z   Downloading gitpython-3.1.45-py3-none-any.whl.metadata (13 kB)
2025-10-16T19:24:36.7817322Z Collecting importlib_metadata!=4.7.0,<9,>=3.7.0 (from mlflow-skinny==3.5.0->mlflow>=2.16.0->-r requirements-api.txt (line 24))
2025-10-16T19:24:36.8011273Z   Downloading importlib_metadata-8.7.0-py3-none-any.whl.metadata (4.8 kB)
2025-10-16T19:24:36.8259988Z Collecting opentelemetry-api<3,>=1.9.0 (from mlflow-skinny==3.5.0->mlflow>=2.16.0->-r requirements-api.txt (line 24))
2025-10-16T19:24:36.8454208Z   Downloading opentelemetry_api-1.38.0-py3-none-any.whl.metadata (1.5 kB)
2025-10-16T19:24:36.8681594Z Collecting opentelemetry-proto<3,>=1.9.0 (from mlflow-skinny==3.5.0->mlflow>=2.16.0->-r requirements-api.txt (line 24))
2025-10-16T19:24:36.8874904Z   Downloading opentelemetry_proto-1.38.0-py3-none-any.whl.metadata (2.3 kB)
2025-10-16T19:24:36.9105658Z Collecting opentelemetry-sdk<3,>=1.9.0 (from mlflow-skinny==3.5.0->mlflow>=2.16.0->-r requirements-api.txt (line 24))
2025-10-16T19:24:36.9299935Z   Downloading opentelemetry_sdk-1.38.0-py3-none-any.whl.metadata (1.5 kB)
2025-10-16T19:24:37.0810727Z Collecting pyyaml<7,>=5.1 (from mlflow-skinny==3.5.0->mlflow>=2.16.0->-r requirements-api.txt (line 24))
2025-10-16T19:24:37.1026546Z   Downloading pyyaml-6.0.3-cp312-cp312-manylinux2014_x86_64.manylinux_2_17_x86_64.manylinux_2_28_x86_64.whl.metadata (2.4 kB)
2025-10-16T19:24:37.1283125Z Collecting sqlparse<1,>=0.4.0 (from mlflow-skinny==3.5.0->mlflow>=2.16.0->-r requirements-api.txt (line 24))
2025-10-16T19:24:37.1479436Z   Downloading sqlparse-0.5.3-py3-none-any.whl.metadata (3.9 kB)
2025-10-16T19:24:37.1863016Z Collecting Mako (from alembic!=1.10.0,<2->mlflow>=2.16.0->-r requirements-api.txt (line 24))
2025-10-16T19:24:37.2062353Z   Downloading mako-1.3.10-py3-none-any.whl.metadata (2.9 kB)
2025-10-16T19:24:37.4105672Z Collecting cffi>=2.0.0 (from cryptography<47,>=43.0.0->mlflow>=2.16.0->-r requirements-api.txt (line 24))
2025-10-16T19:24:37.4303764Z   Downloading cffi-2.0.0-cp312-cp312-manylinux2014_x86_64.manylinux_2_17_x86_64.whl.metadata (2.6 kB)
2025-10-16T19:24:37.4862715Z Collecting google-auth~=2.0 (from databricks-sdk<1,>=0.20.0->mlflow-skinny==3.5.0->mlflow>=2.16.0->-r requirements-api.txt (line 24))
2025-10-16T19:24:37.5059777Z   Downloading google_auth-2.41.1-py2.py3-none-any.whl.metadata (6.6 kB)
2025-10-16T19:24:37.5778847Z Collecting authlib>=1.5.2 (from fastmcp<3,>=2.0.0->mlflow>=2.16.0->-r requirements-api.txt (line 24))
2025-10-16T19:24:37.5982225Z   Downloading authlib-1.6.5-py2.py3-none-any.whl.metadata (9.8 kB)
2025-10-16T19:24:37.6251232Z Collecting cyclopts>=3.0.0 (from fastmcp<3,>=2.0.0->mlflow>=2.16.0->-r requirements-api.txt (line 24))
2025-10-16T19:24:37.6451783Z   Downloading cyclopts-3.24.0-py3-none-any.whl.metadata (11 kB)
2025-10-16T19:24:37.6611469Z Collecting exceptiongroup>=1.2.2 (from fastmcp<3,>=2.0.0->mlflow>=2.16.0->-r requirements-api.txt (line 24))
2025-10-16T19:24:37.6809756Z   Downloading exceptiongroup-1.3.0-py3-none-any.whl.metadata (6.7 kB)
2025-10-16T19:24:37.6995101Z Collecting httpx>=0.28.1 (from fastmcp<3,>=2.0.0->mlflow>=2.16.0->-r requirements-api.txt (line 24))
2025-10-16T19:24:37.7189425Z   Downloading httpx-0.28.1-py3-none-any.whl.metadata (7.1 kB)
2025-10-16T19:24:37.7364066Z Collecting mcp<2.0.0,>=1.12.4 (from fastmcp<3,>=2.0.0->mlflow>=2.16.0->-r requirements-api.txt (line 24))
2025-10-16T19:24:37.7558447Z   Downloading mcp-1.18.0-py3-none-any.whl.metadata (80 kB)
2025-10-16T19:24:37.7886741Z Collecting openapi-core>=0.19.5 (from fastmcp<3,>=2.0.0->mlflow>=2.16.0->-r requirements-api.txt (line 24))
2025-10-16T19:24:37.8079430Z   Downloading openapi_core-0.19.5-py3-none-any.whl.metadata (6.6 kB)
2025-10-16T19:24:37.8238182Z Collecting openapi-pydantic>=0.5.1 (from fastmcp<3,>=2.0.0->mlflow>=2.16.0->-r requirements-api.txt (line 24))
2025-10-16T19:24:37.8435490Z   Downloading openapi_pydantic-0.5.1-py3-none-any.whl.metadata (10 kB)
2025-10-16T19:24:37.8809858Z Collecting pyperclip>=1.9.0 (from fastmcp<3,>=2.0.0->mlflow>=2.16.0->-r requirements-api.txt (line 24))
2025-10-16T19:24:37.9007199Z   Downloading pyperclip-1.11.0-py3-none-any.whl.metadata (2.4 kB)
2025-10-16T19:24:37.9407882Z Collecting rich>=13.9.4 (from fastmcp<3,>=2.0.0->mlflow>=2.16.0->-r requirements-api.txt (line 24))
2025-10-16T19:24:37.9601285Z   Downloading rich-14.2.0-py3-none-any.whl.metadata (18 kB)
2025-10-16T19:24:37.9804277Z Collecting blinker>=1.9.0 (from Flask<4->mlflow>=2.16.0->-r requirements-api.txt (line 24))
2025-10-16T19:24:38.0000552Z   Downloading blinker-1.9.0-py3-none-any.whl.metadata (1.6 kB)
2025-10-16T19:24:38.0156221Z Collecting itsdangerous>=2.2.0 (from Flask<4->mlflow>=2.16.0->-r requirements-api.txt (line 24))
2025-10-16T19:24:38.0351166Z   Downloading itsdangerous-2.2.0-py3-none-any.whl.metadata (1.9 kB)
2025-10-16T19:24:38.0500446Z Collecting jinja2>=3.1.2 (from Flask<4->mlflow>=2.16.0->-r requirements-api.txt (line 24))
2025-10-16T19:24:38.0693664Z   Downloading jinja2-3.1.6-py3-none-any.whl.metadata (2.9 kB)
2025-10-16T19:24:38.1243438Z Collecting markupsafe>=2.1.1 (from Flask<4->mlflow>=2.16.0->-r requirements-api.txt (line 24))
2025-10-16T19:24:38.1441470Z   Downloading markupsafe-3.0.3-cp312-cp312-manylinux2014_x86_64.manylinux_2_17_x86_64.manylinux_2_28_x86_64.whl.metadata (2.7 kB)
2025-10-16T19:24:38.1759906Z Collecting gitdb<5,>=4.0.1 (from gitpython<4,>=3.1.9->mlflow-skinny==3.5.0->mlflow>=2.16.0->-r requirements-api.txt (line 24))
2025-10-16T19:24:38.1953880Z   Downloading gitdb-4.0.12-py3-none-any.whl.metadata (1.2 kB)
2025-10-16T19:24:38.2093513Z Collecting smmap<6,>=3.0.1 (from gitdb<5,>=4.0.1->gitpython<4,>=3.1.9->mlflow-skinny==3.5.0->mlflow>=2.16.0->-r requirements-api.txt (line 24))
2025-10-16T19:24:38.2287644Z   Downloading smmap-5.0.2-py3-none-any.whl.metadata (4.3 kB)
2025-10-16T19:24:38.2546698Z Collecting pyasn1-modules>=0.2.1 (from google-auth~=2.0->databricks-sdk<1,>=0.20.0->mlflow-skinny==3.5.0->mlflow>=2.16.0->-r requirements-api.txt (line 24))
2025-10-16T19:24:38.2740762Z   Downloading pyasn1_modules-0.4.2-py3-none-any.whl.metadata (3.5 kB)
2025-10-16T19:24:38.2910169Z Collecting rsa<5,>=3.1.4 (from google-auth~=2.0->databricks-sdk<1,>=0.20.0->mlflow-skinny==3.5.0->mlflow>=2.16.0->-r requirements-api.txt (line 24))
2025-10-16T19:24:38.3104776Z   Downloading rsa-4.9.1-py3-none-any.whl.metadata (5.6 kB)
2025-10-16T19:24:38.3336036Z Collecting graphql-core<3.3,>=3.1 (from graphene<4->mlflow>=2.16.0->-r requirements-api.txt (line 24))
2025-10-16T19:24:38.3531269Z   Downloading graphql_core-3.2.6-py3-none-any.whl.metadata (11 kB)
2025-10-16T19:24:38.3666789Z Collecting graphql-relay<3.3,>=3.1 (from graphene<4->mlflow>=2.16.0->-r requirements-api.txt (line 24))
2025-10-16T19:24:38.3860089Z   Downloading graphql_relay-3.2.0-py3-none-any.whl.metadata (12 kB)
2025-10-16T19:24:38.4220001Z Collecting zipp>=3.20 (from importlib_metadata!=4.7.0,<9,>=3.7.0->mlflow-skinny==3.5.0->mlflow>=2.16.0->-r requirements-api.txt (line 24))
2025-10-16T19:24:38.4416319Z   Downloading zipp-3.23.0-py3-none-any.whl.metadata (3.6 kB)
2025-10-16T19:24:38.5098543Z Collecting contourpy>=1.0.1 (from matplotlib<4->mlflow>=2.16.0->-r requirements-api.txt (line 24))
2025-10-16T19:24:38.8185458Z   Downloading contourpy-1.3.3-cp312-cp312-manylinux_2_27_x86_64.manylinux_2_28_x86_64.whl.metadata (5.5 kB)
2025-10-16T19:24:39.0087232Z Collecting cycler>=0.10 (from matplotlib<4->mlflow>=2.16.0->-r requirements-api.txt (line 24))
2025-10-16T19:24:39.0284559Z   Downloading cycler-0.12.1-py3-none-any.whl.metadata (3.8 kB)
2025-10-16T19:24:39.1780354Z Collecting fonttools>=4.22.0 (from matplotlib<4->mlflow>=2.16.0->-r requirements-api.txt (line 24))
2025-10-16T19:24:39.1978705Z   Downloading fonttools-4.60.1-cp312-cp312-manylinux1_x86_64.manylinux2014_x86_64.manylinux_2_17_x86_64.manylinux_2_5_x86_64.whl.metadata (112 kB)
2025-10-16T19:24:39.2710351Z Collecting kiwisolver>=1.3.1 (from matplotlib<4->mlflow>=2.16.0->-r requirements-api.txt (line 24))
2025-10-16T19:24:39.2905492Z   Downloading kiwisolver-1.4.9-cp312-cp312-manylinux2014_x86_64.manylinux_2_17_x86_64.whl.metadata (6.3 kB)
2025-10-16T19:24:39.3398649Z Collecting pyparsing>=3 (from matplotlib<4->mlflow>=2.16.0->-r requirements-api.txt (line 24))
2025-10-16T19:24:39.3593964Z   Downloading pyparsing-3.2.5-py3-none-any.whl.metadata (5.0 kB)
2025-10-16T19:24:39.3785811Z Collecting httpx-sse>=0.4 (from mcp<2.0.0,>=1.12.4->fastmcp<3,>=2.0.0->mlflow>=2.16.0->-r requirements-api.txt (line 24))
2025-10-16T19:24:39.3982541Z   Downloading httpx_sse-0.4.3-py3-none-any.whl.metadata (9.7 kB)
2025-10-16T19:24:39.4295701Z Collecting jsonschema>=4.20.0 (from mcp<2.0.0,>=1.12.4->fastmcp<3,>=2.0.0->mlflow>=2.16.0->-r requirements-api.txt (line 24))
2025-10-16T19:24:39.4492564Z   Downloading jsonschema-4.25.1-py3-none-any.whl.metadata (7.6 kB)
2025-10-16T19:24:39.4668107Z Collecting pydantic-settings>=2.5.2 (from mcp<2.0.0,>=1.12.4->fastmcp<3,>=2.0.0->mlflow>=2.16.0->-r requirements-api.txt (line 24))
2025-10-16T19:24:39.4864148Z   Downloading pydantic_settings-2.11.0-py3-none-any.whl.metadata (3.4 kB)
2025-10-16T19:24:39.5132648Z Collecting python-multipart>=0.0.9 (from mcp<2.0.0,>=1.12.4->fastmcp<3,>=2.0.0->mlflow>=2.16.0->-r requirements-api.txt (line 24))
2025-10-16T19:24:39.5328669Z   Downloading python_multipart-0.0.20-py3-none-any.whl.metadata (1.8 kB)
2025-10-16T19:24:39.5497143Z Collecting sse-starlette>=1.6.1 (from mcp<2.0.0,>=1.12.4->fastmcp<3,>=2.0.0->mlflow>=2.16.0->-r requirements-api.txt (line 24))
2025-10-16T19:24:39.5690265Z   Downloading sse_starlette-3.0.2-py3-none-any.whl.metadata (11 kB)
2025-10-16T19:24:39.6660997Z Collecting opentelemetry-semantic-conventions==0.59b0 (from opentelemetry-sdk<3,>=1.9.0->mlflow-skinny==3.5.0->mlflow>=2.16.0->-r requirements-api.txt (line 24))
2025-10-16T19:24:39.6858930Z   Downloading opentelemetry_semantic_conventions-0.59b0-py3-none-any.whl.metadata (2.4 kB)
2025-10-16T19:24:39.7263732Z Collecting pyasn1>=0.1.3 (from rsa<5,>=3.1.4->google-auth~=2.0->databricks-sdk<1,>=0.20.0->mlflow-skinny==3.5.0->mlflow>=2.16.0->-r requirements-api.txt (line 24))
2025-10-16T19:24:39.7460150Z   Downloading pyasn1-0.6.1-py3-none-any.whl.metadata (8.4 kB)
2025-10-16T19:24:39.8699379Z Collecting greenlet>=1 (from sqlalchemy<3,>=1.4.0->mlflow>=2.16.0->-r requirements-api.txt (line 24))
2025-10-16T19:24:39.8897231Z   Downloading greenlet-3.2.4-cp312-cp312-manylinux_2_24_x86_64.manylinux_2_28_x86_64.whl.metadata (4.1 kB)
2025-10-16T19:24:39.9231785Z Collecting azure-core<2.0.0,>=1.28.0 (from azure-monitor-opentelemetry>=1.6.0->-r requirements-api.txt (line 32))
2025-10-16T19:24:39.9427844Z   Downloading azure_core-1.36.0-py3-none-any.whl.metadata (47 kB)
2025-10-16T19:24:39.9597741Z Collecting azure-core-tracing-opentelemetry~=1.0.0b11 (from azure-monitor-opentelemetry>=1.6.0->-r requirements-api.txt (line 32))
2025-10-16T19:24:39.9794735Z   Downloading azure_core_tracing_opentelemetry-1.0.0b12-py3-none-any.whl.metadata (11 kB)
2025-10-16T19:24:39.9987041Z Collecting azure-monitor-opentelemetry-exporter~=1.0.0b41 (from azure-monitor-opentelemetry>=1.6.0->-r requirements-api.txt (line 32))
2025-10-16T19:24:40.0181101Z   Downloading azure_monitor_opentelemetry_exporter-1.0.0b44-py2.py3-none-any.whl.metadata (33 kB)
2025-10-16T19:24:40.0459667Z Collecting opentelemetry-instrumentation-django~=0.57b0 (from azure-monitor-opentelemetry>=1.6.0->-r requirements-api.txt (line 32))
2025-10-16T19:24:40.0654347Z   Downloading opentelemetry_instrumentation_django-0.59b0-py3-none-any.whl.metadata (2.3 kB)
2025-10-16T19:24:40.0912841Z Collecting opentelemetry-instrumentation-flask~=0.57b0 (from azure-monitor-opentelemetry>=1.6.0->-r requirements-api.txt (line 32))
2025-10-16T19:24:40.1109600Z   Downloading opentelemetry_instrumentation_flask-0.59b0-py3-none-any.whl.metadata (2.2 kB)
2025-10-16T19:24:40.1339024Z Collecting opentelemetry-instrumentation-psycopg2~=0.57b0 (from azure-monitor-opentelemetry>=1.6.0->-r requirements-api.txt (line 32))
2025-10-16T19:24:40.1535799Z   Downloading opentelemetry_instrumentation_psycopg2-0.59b0-py3-none-any.whl.metadata (2.1 kB)
2025-10-16T19:24:40.1744265Z Collecting opentelemetry-instrumentation-requests~=0.57b0 (from azure-monitor-opentelemetry>=1.6.0->-r requirements-api.txt (line 32))
2025-10-16T19:24:40.1942295Z   Downloading opentelemetry_instrumentation_requests-0.59b0-py3-none-any.whl.metadata (2.6 kB)
2025-10-16T19:24:40.2140350Z Collecting opentelemetry-instrumentation-urllib~=0.57b0 (from azure-monitor-opentelemetry>=1.6.0->-r requirements-api.txt (line 32))
2025-10-16T19:24:40.2335376Z   Downloading opentelemetry_instrumentation_urllib-0.59b0-py3-none-any.whl.metadata (3.4 kB)
2025-10-16T19:24:40.2537259Z Collecting opentelemetry-instrumentation-urllib3~=0.57b0 (from azure-monitor-opentelemetry>=1.6.0->-r requirements-api.txt (line 32))
2025-10-16T19:24:40.2733083Z   Downloading opentelemetry_instrumentation_urllib3-0.59b0-py3-none-any.whl.metadata (4.2 kB)
2025-10-16T19:24:40.2837485Z Collecting opentelemetry-resource-detector-azure~=0.1.5 (from azure-monitor-opentelemetry>=1.6.0->-r requirements-api.txt (line 32))
2025-10-16T19:24:40.3034168Z   Downloading opentelemetry_resource_detector_azure-0.1.5-py3-none-any.whl.metadata (5.3 kB)
2025-10-16T19:24:40.3295752Z Collecting opentelemetry-instrumentation-asgi==0.59b0 (from opentelemetry-instrumentation-fastapi>=0.48b0->-r requirements-api.txt (line 33))
2025-10-16T19:24:40.3490758Z   Downloading opentelemetry_instrumentation_asgi-0.59b0-py3-none-any.whl.metadata (2.0 kB)
2025-10-16T19:24:40.3710059Z Collecting opentelemetry-instrumentation==0.59b0 (from opentelemetry-instrumentation-fastapi>=0.48b0->-r requirements-api.txt (line 33))
2025-10-16T19:24:40.3904065Z   Downloading opentelemetry_instrumentation-0.59b0-py3-none-any.whl.metadata (7.1 kB)
2025-10-16T19:24:40.4082976Z Collecting opentelemetry-util-http==0.59b0 (from opentelemetry-instrumentation-fastapi>=0.48b0->-r requirements-api.txt (line 33))
2025-10-16T19:24:40.4278744Z   Downloading opentelemetry_util_http-0.59b0-py3-none-any.whl.metadata (2.6 kB)
2025-10-16T19:24:40.4707387Z Collecting asgiref~=3.0 (from opentelemetry-instrumentation-asgi==0.59b0->opentelemetry-instrumentation-fastapi>=0.48b0->-r requirements-api.txt (line 33))
2025-10-16T19:24:40.4904012Z   Downloading asgiref-3.10.0-py3-none-any.whl.metadata (9.3 kB)
2025-10-16T19:24:40.5325704Z Collecting fixedint==0.1.6 (from azure-monitor-opentelemetry-exporter~=1.0.0b41->azure-monitor-opentelemetry>=1.6.0->-r requirements-api.txt (line 32))
2025-10-16T19:24:40.5526357Z   Downloading fixedint-0.1.6-py3-none-any.whl.metadata (4.8 kB)
2025-10-16T19:24:40.5754444Z Collecting msrest>=0.6.10 (from azure-monitor-opentelemetry-exporter~=1.0.0b41->azure-monitor-opentelemetry>=1.6.0->-r requirements-api.txt (line 32))
2025-10-16T19:24:40.5949112Z   Downloading msrest-0.7.1-py3-none-any.whl.metadata (21 kB)
2025-10-16T19:24:40.6971477Z Collecting psutil<8,>=5.9 (from azure-monitor-opentelemetry-exporter~=1.0.0b41->azure-monitor-opentelemetry>=1.6.0->-r requirements-api.txt (line 32))
2025-10-16T19:24:40.7176211Z   Downloading psutil-7.1.0-cp36-abi3-manylinux_2_12_x86_64.manylinux2010_x86_64.manylinux_2_17_x86_64.manylinux2014_x86_64.whl.metadata (23 kB)
2025-10-16T19:24:40.7755540Z Collecting msal>=1.30.0 (from azure-identity>=1.17.0->-r requirements-api.txt (line 34))
2025-10-16T19:24:40.7951473Z   Downloading msal-1.34.0-py3-none-any.whl.metadata (11 kB)
2025-10-16T19:24:40.8083538Z Collecting msal-extensions>=1.2.0 (from azure-identity>=1.17.0->-r requirements-api.txt (line 34))
2025-10-16T19:24:40.8277653Z   Downloading msal_extensions-1.3.1-py3-none-any.whl.metadata (7.8 kB)
2025-10-16T19:24:40.8506819Z Collecting opentelemetry-instrumentation-wsgi==0.59b0 (from opentelemetry-instrumentation-django~=0.57b0->azure-monitor-opentelemetry>=1.6.0->-r requirements-api.txt (line 32))
2025-10-16T19:24:40.8700844Z   Downloading opentelemetry_instrumentation_wsgi-0.59b0-py3-none-any.whl.metadata (2.1 kB)
2025-10-16T19:24:41.0205279Z Collecting opentelemetry-instrumentation-dbapi==0.59b0 (from opentelemetry-instrumentation-psycopg2~=0.57b0->azure-monitor-opentelemetry>=1.6.0->-r requirements-api.txt (line 32))
2025-10-16T19:24:41.0399278Z   Downloading opentelemetry_instrumentation_dbapi-0.59b0-py3-none-any.whl.metadata (2.0 kB)
2025-10-16T19:24:41.0996934Z Collecting wheel<1.0,>=0.23.0 (from astunparse>=1.6.0->tensorflow-cpu==2.20.0->-r requirements-api.txt (line 16))
2025-10-16T19:24:41.1191189Z   Downloading wheel-0.45.1-py3-none-any.whl.metadata (2.3 kB)
2025-10-16T19:24:41.1495847Z Collecting pycparser (from cffi>=2.0.0->cryptography<47,>=43.0.0->mlflow>=2.16.0->-r requirements-api.txt (line 24))
2025-10-16T19:24:41.1690929Z   Downloading pycparser-2.23-py3-none-any.whl.metadata (993 bytes)
2025-10-16T19:24:41.2058798Z Collecting attrs>=23.1.0 (from cyclopts>=3.0.0->fastmcp<3,>=2.0.0->mlflow>=2.16.0->-r requirements-api.txt (line 24))
2025-10-16T19:24:41.2257680Z   Downloading attrs-25.4.0-py3-none-any.whl.metadata (10 kB)
2025-10-16T19:24:41.2428617Z Collecting docstring-parser>=0.15 (from cyclopts>=3.0.0->fastmcp<3,>=2.0.0->mlflow>=2.16.0->-r requirements-api.txt (line 24))
2025-10-16T19:24:41.2726092Z   Downloading docstring_parser-0.17.0-py3-none-any.whl.metadata (3.5 kB)
2025-10-16T19:24:41.3056541Z Collecting rich-rst<2.0.0,>=1.3.1 (from cyclopts>=3.0.0->fastmcp<3,>=2.0.0->mlflow>=2.16.0->-r requirements-api.txt (line 24))
2025-10-16T19:24:41.3251628Z   Downloading rich_rst-1.3.2-py3-none-any.whl.metadata (6.1 kB)
2025-10-16T19:24:41.3460814Z Collecting docutils (from rich-rst<2.0.0,>=1.3.1->cyclopts>=3.0.0->fastmcp<3,>=2.0.0->mlflow>=2.16.0->-r requirements-api.txt (line 24))
2025-10-16T19:24:41.3655689Z   Downloading docutils-0.22.2-py3-none-any.whl.metadata (15 kB)
2025-10-16T19:24:41.4286732Z Collecting httpcore==1.* (from httpx>=0.28.1->fastmcp<3,>=2.0.0->mlflow>=2.16.0->-r requirements-api.txt (line 24))
2025-10-16T19:24:41.4482081Z   Downloading httpcore-1.0.9-py3-none-any.whl.metadata (21 kB)
2025-10-16T19:24:41.4898629Z Collecting jsonschema-specifications>=2023.03.6 (from jsonschema>=4.20.0->mcp<2.0.0,>=1.12.4->fastmcp<3,>=2.0.0->mlflow>=2.16.0->-r requirements-api.txt (line 24))
2025-10-16T19:24:41.5095096Z   Downloading jsonschema_specifications-2025.9.1-py3-none-any.whl.metadata (2.9 kB)
2025-10-16T19:24:41.5345095Z Collecting referencing>=0.28.4 (from jsonschema>=4.20.0->mcp<2.0.0,>=1.12.4->fastmcp<3,>=2.0.0->mlflow>=2.16.0->-r requirements-api.txt (line 24))
2025-10-16T19:24:41.5538038Z   Downloading referencing-0.37.0-py3-none-any.whl.metadata (2.8 kB)
2025-10-16T19:24:41.8153140Z Collecting rpds-py>=0.7.1 (from jsonschema>=4.20.0->mcp<2.0.0,>=1.12.4->fastmcp<3,>=2.0.0->mlflow>=2.16.0->-r requirements-api.txt (line 24))
2025-10-16T19:24:41.8351893Z   Downloading rpds_py-0.27.1-cp312-cp312-manylinux_2_17_x86_64.manylinux2014_x86_64.whl.metadata (4.2 kB)
2025-10-16T19:24:41.8619919Z Collecting namex (from keras>=3.10.0->tensorflow-cpu==2.20.0->-r requirements-api.txt (line 16))
2025-10-16T19:24:41.8813986Z   Downloading namex-0.1.0-py3-none-any.whl.metadata (322 bytes)
2025-10-16T19:24:41.9552603Z Collecting optree (from keras>=3.10.0->tensorflow-cpu==2.20.0->-r requirements-api.txt (line 16))
2025-10-16T19:24:41.9749249Z   Downloading optree-0.17.0-cp312-cp312-manylinux_2_27_x86_64.manylinux_2_28_x86_64.whl.metadata (33 kB)
2025-10-16T19:24:42.0234321Z Collecting PyJWT<3,>=1.0.0 (from PyJWT[crypto]<3,>=1.0.0->msal>=1.30.0->azure-identity>=1.17.0->-r requirements-api.txt (line 34))
2025-10-16T19:24:42.0428009Z   Downloading PyJWT-2.10.1-py3-none-any.whl.metadata (4.0 kB)
2025-10-16T19:24:42.1442149Z Collecting isodate>=0.6.0 (from msrest>=0.6.10->azure-monitor-opentelemetry-exporter~=1.0.0b41->azure-monitor-opentelemetry>=1.6.0->-r requirements-api.txt (line 32))
2025-10-16T19:24:42.1636621Z   Downloading isodate-0.7.2-py3-none-any.whl.metadata (11 kB)
2025-10-16T19:24:42.1795750Z Collecting requests-oauthlib>=0.5.0 (from msrest>=0.6.10->azure-monitor-opentelemetry-exporter~=1.0.0b41->azure-monitor-opentelemetry>=1.6.0->-r requirements-api.txt (line 32))
2025-10-16T19:24:42.1989528Z   Downloading requests_oauthlib-2.0.0-py2.py3-none-any.whl.metadata (11 kB)
2025-10-16T19:24:42.2367251Z Collecting jsonschema-path<0.4.0,>=0.3.1 (from openapi-core>=0.19.5->fastmcp<3,>=2.0.0->mlflow>=2.16.0->-r requirements-api.txt (line 24))
2025-10-16T19:24:42.2562037Z   Downloading jsonschema_path-0.3.4-py3-none-any.whl.metadata (4.3 kB)
2025-10-16T19:24:42.2741999Z Collecting more-itertools (from openapi-core>=0.19.5->fastmcp<3,>=2.0.0->mlflow>=2.16.0->-r requirements-api.txt (line 24))
2025-10-16T19:24:42.2938443Z   Downloading more_itertools-10.8.0-py3-none-any.whl.metadata (39 kB)
2025-10-16T19:24:42.3098886Z Collecting openapi-schema-validator<0.7.0,>=0.6.0 (from openapi-core>=0.19.5->fastmcp<3,>=2.0.0->mlflow>=2.16.0->-r requirements-api.txt (line 24))
2025-10-16T19:24:42.3296574Z   Downloading openapi_schema_validator-0.6.3-py3-none-any.whl.metadata (5.4 kB)
2025-10-16T19:24:42.3457450Z Collecting openapi-spec-validator<0.8.0,>=0.7.1 (from openapi-core>=0.19.5->fastmcp<3,>=2.0.0->mlflow>=2.16.0->-r requirements-api.txt (line 24))
2025-10-16T19:24:42.3651056Z   Downloading openapi_spec_validator-0.7.2-py3-none-any.whl.metadata (5.7 kB)
2025-10-16T19:24:42.3780338Z Collecting parse (from openapi-core>=0.19.5->fastmcp<3,>=2.0.0->mlflow>=2.16.0->-r requirements-api.txt (line 24))
2025-10-16T19:24:42.4474605Z   Downloading parse-1.20.2-py2.py3-none-any.whl.metadata (22 kB)
2025-10-16T19:24:42.4574453Z Collecting werkzeug>=1.0.1 (from tensorboard~=2.20.0->tensorflow-cpu==2.20.0->-r requirements-api.txt (line 16))
2025-10-16T19:24:42.4769271Z   Downloading werkzeug-3.1.1-py3-none-any.whl.metadata (3.7 kB)
2025-10-16T19:24:42.4928887Z Collecting pathable<0.5.0,>=0.4.1 (from jsonschema-path<0.4.0,>=0.3.1->openapi-core>=0.19.5->fastmcp<3,>=2.0.0->mlflow>=2.16.0->-r requirements-api.txt (line 24))
2025-10-16T19:24:42.5133414Z   Downloading pathable-0.4.4-py3-none-any.whl.metadata (1.8 kB)
2025-10-16T19:24:42.5236396Z Collecting referencing>=0.28.4 (from jsonschema>=4.20.0->mcp<2.0.0,>=1.12.4->fastmcp<3,>=2.0.0->mlflow>=2.16.0->-r requirements-api.txt (line 24))
2025-10-16T19:24:42.5433165Z   Downloading referencing-0.36.2-py3-none-any.whl.metadata (2.8 kB)
2025-10-16T19:24:42.5754713Z Collecting rfc3339-validator (from openapi-schema-validator<0.7.0,>=0.6.0->openapi-core>=0.19.5->fastmcp<3,>=2.0.0->mlflow>=2.16.0->-r requirements-api.txt (line 24))
2025-10-16T19:24:42.5957731Z   Downloading rfc3339_validator-0.1.4-py2.py3-none-any.whl.metadata (1.5 kB)
2025-10-16T19:24:42.6381122Z Collecting lazy-object-proxy<2.0.0,>=1.7.1 (from openapi-spec-validator<0.8.0,>=0.7.1->openapi-core>=0.19.5->fastmcp<3,>=2.0.0->mlflow>=2.16.0->-r requirements-api.txt (line 24))
2025-10-16T19:24:42.6580692Z   Downloading lazy_object_proxy-1.12.0-cp312-cp312-manylinux1_x86_64.manylinux_2_28_x86_64.manylinux_2_5_x86_64.whl.metadata (5.1 kB)
2025-10-16T19:24:42.7606292Z Collecting email-validator>=2.0.0 (from pydantic[email]>=2.11.7->fastmcp<3,>=2.0.0->mlflow>=2.16.0->-r requirements-api.txt (line 24))
2025-10-16T19:24:42.7802313Z   Downloading email_validator-2.3.0-py3-none-any.whl.metadata (26 kB)
2025-10-16T19:24:42.7990106Z Collecting dnspython>=2.0.0 (from email-validator>=2.0.0->pydantic[email]>=2.11.7->fastmcp<3,>=2.0.0->mlflow>=2.16.0->-r requirements-api.txt (line 24))
2025-10-16T19:24:42.8184006Z   Downloading dnspython-2.8.0-py3-none-any.whl.metadata (5.7 kB)
2025-10-16T19:24:42.8609526Z Collecting oauthlib>=3.0.0 (from requests-oauthlib>=0.5.0->msrest>=0.6.10->azure-monitor-opentelemetry-exporter~=1.0.0b41->azure-monitor-opentelemetry>=1.6.0->-r requirements-api.txt (line 32))
2025-10-16T19:24:42.8804221Z   Downloading oauthlib-3.3.1-py3-none-any.whl.metadata (7.9 kB)
2025-10-16T19:24:42.9057339Z Collecting markdown-it-py>=2.2.0 (from rich>=13.9.4->fastmcp<3,>=2.0.0->mlflow>=2.16.0->-r requirements-api.txt (line 24))
2025-10-16T19:24:42.9276196Z   Downloading markdown_it_py-4.0.0-py3-none-any.whl.metadata (7.3 kB)
2025-10-16T19:24:42.9525196Z Collecting pygments<3.0.0,>=2.13.0 (from rich>=13.9.4->fastmcp<3,>=2.0.0->mlflow>=2.16.0->-r requirements-api.txt (line 24))
2025-10-16T19:24:42.9718717Z   Downloading pygments-2.19.2-py3-none-any.whl.metadata (2.5 kB)
2025-10-16T19:24:42.9896650Z Collecting mdurl~=0.1 (from markdown-it-py>=2.2.0->rich>=13.9.4->fastmcp<3,>=2.0.0->mlflow>=2.16.0->-r requirements-api.txt (line 24))
2025-10-16T19:24:43.0091402Z   Downloading mdurl-0.1.2-py3-none-any.whl.metadata (1.6 kB)
2025-10-16T19:24:43.0891334Z Collecting httptools>=0.6.3 (from uvicorn[standard]>=0.23.0->-r requirements-api.txt (line 7))
2025-10-16T19:24:43.1086427Z   Downloading httptools-0.7.1-cp312-cp312-manylinux1_x86_64.manylinux_2_28_x86_64.manylinux_2_5_x86_64.whl.metadata (3.5 kB)
2025-10-16T19:24:43.1529713Z Collecting uvloop>=0.15.1 (from uvicorn[standard]>=0.23.0->-r requirements-api.txt (line 7))
2025-10-16T19:24:43.1725796Z   Downloading uvloop-0.21.0-cp312-cp312-manylinux_2_17_x86_64.manylinux2014_x86_64.whl.metadata (4.9 kB)
2025-10-16T19:24:43.2488382Z Collecting watchfiles>=0.13 (from uvicorn[standard]>=0.23.0->-r requirements-api.txt (line 7))
2025-10-16T19:24:43.2685616Z   Downloading watchfiles-1.1.1-cp312-cp312-manylinux_2_17_x86_64.manylinux2014_x86_64.whl.metadata (4.9 kB)
2025-10-16T19:24:43.3549011Z Collecting websockets>=10.4 (from uvicorn[standard]>=0.23.0->-r requirements-api.txt (line 7))
2025-10-16T19:24:43.3747531Z   Downloading websockets-15.0.1-cp312-cp312-manylinux_2_5_x86_64.manylinux1_x86_64.manylinux_2_17_x86_64.manylinux2014_x86_64.whl.metadata (6.8 kB)
2025-10-16T19:24:43.4640024Z Downloading tensorflow_cpu-2.20.0-cp312-cp312-manylinux_2_17_x86_64.manylinux2014_x86_64.whl (259.0 MB)
2025-10-16T19:24:46.8114823Z    ━━━━━━━━━━━━━━━━━━━━━━━━━━━━━━━━━━━━━━━━ 259.0/259.0 MB 77.8 MB/s  0:00:03
2025-10-16T19:24:46.8315201Z Downloading numpy-1.26.4-cp312-cp312-manylinux_2_17_x86_64.manylinux2014_x86_64.whl (18.0 MB)
2025-10-16T19:24:46.9299084Z    ━━━━━━━━━━━━━━━━━━━━━━━━━━━━━━━━━━━━━━━━ 18.0/18.0 MB 185.2 MB/s  0:00:00
2025-10-16T19:24:46.9691082Z Downloading requests-2.32.5-py3-none-any.whl (64 kB)
2025-10-16T19:24:46.9910594Z Downloading charset_normalizer-3.4.4-cp312-cp312-manylinux2014_x86_64.manylinux_2_17_x86_64.manylinux_2_28_x86_64.whl (153 kB)
2025-10-16T19:24:47.0134615Z Downloading grpcio-1.75.1-cp312-cp312-manylinux2014_x86_64.manylinux_2_17_x86_64.whl (6.4 MB)
2025-10-16T19:24:47.0508471Z    ━━━━━━━━━━━━━━━━━━━━━━━━━━━━━━━━━━━━━━━━ 6.4/6.4 MB 178.7 MB/s  0:00:00
2025-10-16T19:24:47.0707429Z Downloading idna-3.11-py3-none-any.whl (71 kB)
2025-10-16T19:24:47.0933558Z Downloading ml_dtypes-0.5.3-cp312-cp312-manylinux_2_27_x86_64.manylinux_2_28_x86_64.whl (4.9 MB)
2025-10-16T19:24:47.1237675Z    ━━━━━━━━━━━━━━━━━━━━━━━━━━━━━━━━━━━━━━━━ 4.9/4.9 MB 170.3 MB/s  0:00:00
2025-10-16T19:24:47.1435748Z Downloading tensorboard-2.20.0-py3-none-any.whl (5.5 MB)
2025-10-16T19:24:47.1771988Z    ━━━━━━━━━━━━━━━━━━━━━━━━━━━━━━━━━━━━━━━━ 5.5/5.5 MB 175.8 MB/s  0:00:00
2025-10-16T19:24:47.1971956Z Downloading tensorboard_data_server-0.7.2-py3-none-manylinux_2_31_x86_64.whl (6.6 MB)
2025-10-16T19:24:47.2366229Z    ━━━━━━━━━━━━━━━━━━━━━━━━━━━━━━━━━━━━━━━━ 6.6/6.6 MB 173.5 MB/s  0:00:00
2025-10-16T19:24:47.2566627Z Downloading typing_extensions-4.15.0-py3-none-any.whl (44 kB)
2025-10-16T19:24:47.2784429Z Downloading urllib3-2.5.0-py3-none-any.whl (129 kB)
2025-10-16T19:24:47.3008283Z Downloading fastapi-0.119.0-py3-none-any.whl (107 kB)
2025-10-16T19:24:47.3230655Z Downloading pydantic-2.12.2-py3-none-any.whl (460 kB)
2025-10-16T19:24:47.3471592Z Downloading pydantic_core-2.41.4-cp312-cp312-manylinux_2_17_x86_64.manylinux2014_x86_64.whl (2.1 MB)
2025-10-16T19:24:47.3598251Z    ━━━━━━━━━━━━━━━━━━━━━━━━━━━━━━━━━━━━━━━━ 2.1/2.1 MB 185.7 MB/s  0:00:00
2025-10-16T19:24:47.3800797Z Downloading starlette-0.48.0-py3-none-any.whl (73 kB)
2025-10-16T19:24:47.4020430Z Downloading anyio-4.11.0-py3-none-any.whl (109 kB)
2025-10-16T19:24:47.4240201Z Downloading uvicorn-0.37.0-py3-none-any.whl (67 kB)
2025-10-16T19:24:47.4459839Z Downloading gunicorn-23.0.0-py3-none-any.whl (85 kB)
2025-10-16T19:24:47.4702064Z Downloading pandas-2.3.3-cp312-cp312-manylinux_2_24_x86_64.manylinux_2_28_x86_64.whl (12.4 MB)
2025-10-16T19:24:47.5397848Z    ━━━━━━━━━━━━━━━━━━━━━━━━━━━━━━━━━━━━━━━━ 12.4/12.4 MB 184.0 MB/s  0:00:00
2025-10-16T19:24:47.6165631Z Downloading scikit_learn-1.7.2-cp312-cp312-manylinux2014_x86_64.manylinux_2_17_x86_64.whl (9.5 MB)
2025-10-16T19:24:47.6931446Z    ━━━━━━━━━━━━━━━━━━━━━━━━━━━━━━━━━━━━━━━━ 9.5/9.5 MB 125.6 MB/s  0:00:00
2025-10-16T19:24:47.7146496Z Downloading nltk-3.9.2-py3-none-any.whl (1.5 MB)
2025-10-16T19:24:47.7286362Z    ━━━━━━━━━━━━━━━━━━━━━━━━━━━━━━━━━━━━━━━━ 1.5/1.5 MB 114.2 MB/s  0:00:00
2025-10-16T19:24:47.7488778Z Downloading gensim-4.3.3-cp312-cp312-manylinux_2_17_x86_64.manylinux2014_x86_64.whl (26.6 MB)
2025-10-16T19:24:47.8985454Z    ━━━━━━━━━━━━━━━━━━━━━━━━━━━━━━━━━━━━━━━━ 26.6/26.6 MB 179.6 MB/s  0:00:00
2025-10-16T19:24:47.9187418Z Downloading scipy-1.13.1-cp312-cp312-manylinux_2_17_x86_64.manylinux2014_x86_64.whl (38.2 MB)
2025-10-16T19:24:48.1376346Z    ━━━━━━━━━━━━━━━━━━━━━━━━━━━━━━━━━━━━━━━━ 38.2/38.2 MB 176.3 MB/s  0:00:00
2025-10-16T19:24:48.1578359Z Downloading mlflow-3.5.0-py3-none-any.whl (8.8 MB)
2025-10-16T19:24:48.2178112Z    ━━━━━━━━━━━━━━━━━━━━━━━━━━━━━━━━━━━━━━━━ 8.8/8.8 MB 150.9 MB/s  0:00:00
2025-10-16T19:24:48.2399180Z Downloading mlflow_skinny-3.5.0-py3-none-any.whl (2.3 MB)
2025-10-16T19:24:48.2896399Z    ━━━━━━━━━━━━━━━━━━━━━━━━━━━━━━━━━━━━━━━━ 2.3/2.3 MB 110.3 MB/s  0:00:00
2025-10-16T19:24:48.3099066Z Downloading mlflow_tracing-3.5.0-py3-none-any.whl (1.3 MB)
2025-10-16T19:24:48.3240524Z    ━━━━━━━━━━━━━━━━━━━━━━━━━━━━━━━━━━━━━━━━ 1.3/1.3 MB 93.6 MB/s  0:00:00
2025-10-16T19:24:48.3442554Z Downloading python_dotenv-1.1.1-py3-none-any.whl (20 kB)
2025-10-16T19:24:48.3659541Z Downloading alembic-1.17.0-py3-none-any.whl (247 kB)
2025-10-16T19:24:48.3884789Z Downloading cachetools-6.2.1-py3-none-any.whl (11 kB)
2025-10-16T19:24:48.4098180Z Downloading click-8.3.0-py3-none-any.whl (107 kB)
2025-10-16T19:24:48.4315558Z Downloading cloudpickle-3.1.1-py3-none-any.whl (20 kB)
2025-10-16T19:24:48.4529829Z Downloading cryptography-46.0.3-cp311-abi3-manylinux_2_34_x86_64.whl (4.5 MB)
2025-10-16T19:24:48.4812407Z    ━━━━━━━━━━━━━━━━━━━━━━━━━━━━━━━━━━━━━━━━ 4.5/4.5 MB 170.7 MB/s  0:00:00
2025-10-16T19:24:48.5017630Z Downloading databricks_sdk-0.68.0-py3-none-any.whl (738 kB)
2025-10-16T19:24:48.5079916Z    ━━━━━━━━━━━━━━━━━━━━━━━━━━━━━━━━━━━━━━━━ 738.2/738.2 kB 117.8 MB/s  0:00:00
2025-10-16T19:24:48.5280781Z Downloading docker-7.1.0-py3-none-any.whl (147 kB)
2025-10-16T19:24:48.5502682Z Downloading fastmcp-2.12.4-py3-none-any.whl (329 kB)
2025-10-16T19:24:48.5762449Z Downloading flask-3.1.2-py3-none-any.whl (103 kB)
2025-10-16T19:24:48.5983410Z Downloading flask_cors-6.0.1-py3-none-any.whl (13 kB)
2025-10-16T19:24:48.6205191Z Downloading gitpython-3.1.45-py3-none-any.whl (208 kB)
2025-10-16T19:24:48.6425982Z Downloading gitdb-4.0.12-py3-none-any.whl (62 kB)
2025-10-16T19:24:48.6655961Z Downloading google_auth-2.41.1-py2.py3-none-any.whl (221 kB)
2025-10-16T19:24:48.6881334Z Downloading graphene-3.4.3-py2.py3-none-any.whl (114 kB)
2025-10-16T19:24:48.7106302Z Downloading graphql_core-3.2.6-py3-none-any.whl (203 kB)
2025-10-16T19:24:48.7327515Z Downloading graphql_relay-3.2.0-py3-none-any.whl (16 kB)
2025-10-16T19:24:48.7542945Z Downloading importlib_metadata-8.7.0-py3-none-any.whl (27 kB)
2025-10-16T19:24:48.7761190Z Downloading matplotlib-3.10.7-cp312-cp312-manylinux2014_x86_64.manylinux_2_17_x86_64.whl (8.7 MB)
2025-10-16T19:24:48.8314542Z    ━━━━━━━━━━━━━━━━━━━━━━━━━━━━━━━━━━━━━━━━ 8.7/8.7 MB 160.5 MB/s  0:00:00
2025-10-16T19:24:48.8518031Z Downloading mcp-1.18.0-py3-none-any.whl (168 kB)
2025-10-16T19:24:48.8892301Z Downloading opentelemetry_api-1.38.0-py3-none-any.whl (65 kB)
2025-10-16T19:24:48.9106935Z Downloading opentelemetry_proto-1.38.0-py3-none-any.whl (72 kB)
2025-10-16T19:24:48.9320887Z Downloading opentelemetry_sdk-1.38.0-py3-none-any.whl (132 kB)
2025-10-16T19:24:48.9545565Z Downloading opentelemetry_semantic_conventions-0.59b0-py3-none-any.whl (207 kB)
2025-10-16T19:24:48.9779891Z Downloading packaging-25.0-py3-none-any.whl (66 kB)
2025-10-16T19:24:49.0005448Z Downloading protobuf-6.33.0-cp39-abi3-manylinux2014_x86_64.whl (323 kB)
2025-10-16T19:24:49.0230827Z Downloading pyarrow-21.0.0-cp312-cp312-manylinux_2_28_x86_64.whl (42.8 MB)
2025-10-16T19:24:49.2496422Z    ━━━━━━━━━━━━━━━━━━━━━━━━━━━━━━━━━━━━━━━━ 42.8/42.8 MB 190.4 MB/s  0:00:00
2025-10-16T19:24:49.2691891Z Downloading python_dateutil-2.9.0.post0-py2.py3-none-any.whl (229 kB)
2025-10-16T19:24:49.2919579Z Downloading pyyaml-6.0.3-cp312-cp312-manylinux2014_x86_64.manylinux_2_17_x86_64.manylinux_2_28_x86_64.whl (807 kB)
2025-10-16T19:24:49.2993893Z    ━━━━━━━━━━━━━━━━━━━━━━━━━━━━━━━━━━━━━━━━ 807.9/807.9 kB 111.5 MB/s  0:00:00
2025-10-16T19:24:49.3207163Z Downloading rsa-4.9.1-py3-none-any.whl (34 kB)
2025-10-16T19:24:49.3534362Z Downloading smmap-5.0.2-py3-none-any.whl (24 kB)
2025-10-16T19:24:49.3758207Z Downloading sqlalchemy-2.0.44-cp312-cp312-manylinux_2_17_x86_64.manylinux2014_x86_64.whl (3.3 MB)
2025-10-16T19:24:49.3947695Z    ━━━━━━━━━━━━━━━━━━━━━━━━━━━━━━━━━━━━━━━━ 3.3/3.3 MB 184.6 MB/s  0:00:00
2025-10-16T19:24:49.4144714Z Downloading sqlparse-0.5.3-py3-none-any.whl (44 kB)
2025-10-16T19:24:49.4357833Z Downloading azure_monitor_opentelemetry-1.8.1-py3-none-any.whl (27 kB)
2025-10-16T19:24:49.4595389Z Downloading opentelemetry_instrumentation_fastapi-0.59b0-py3-none-any.whl (13 kB)
2025-10-16T19:24:49.4808208Z Downloading opentelemetry_instrumentation-0.59b0-py3-none-any.whl (33 kB)
2025-10-16T19:24:49.5022837Z Downloading opentelemetry_instrumentation_asgi-0.59b0-py3-none-any.whl (16 kB)
2025-10-16T19:24:49.5236021Z Downloading opentelemetry_util_http-0.59b0-py3-none-any.whl (7.6 kB)
2025-10-16T19:24:49.5448115Z Downloading asgiref-3.10.0-py3-none-any.whl (24 kB)
2025-10-16T19:24:49.5668896Z Downloading azure_core-1.36.0-py3-none-any.whl (213 kB)
2025-10-16T19:24:49.5888182Z Downloading azure_core_tracing_opentelemetry-1.0.0b12-py3-none-any.whl (11 kB)
2025-10-16T19:24:49.6114934Z Downloading azure_monitor_opentelemetry_exporter-1.0.0b44-py2.py3-none-any.whl (198 kB)
2025-10-16T19:24:49.6335404Z Downloading fixedint-0.1.6-py3-none-any.whl (12 kB)
2025-10-16T19:24:49.6549031Z Downloading azure_identity-1.25.1-py3-none-any.whl (191 kB)
2025-10-16T19:24:49.6777058Z Downloading opentelemetry_instrumentation_django-0.59b0-py3-none-any.whl (19 kB)
2025-10-16T19:24:49.6989913Z Downloading opentelemetry_instrumentation_wsgi-0.59b0-py3-none-any.whl (14 kB)
2025-10-16T19:24:49.7201466Z Downloading opentelemetry_instrumentation_flask-0.59b0-py3-none-any.whl (14 kB)
2025-10-16T19:24:49.7424834Z Downloading opentelemetry_instrumentation_psycopg2-0.59b0-py3-none-any.whl (10 kB)
2025-10-16T19:24:49.7637566Z Downloading opentelemetry_instrumentation_dbapi-0.59b0-py3-none-any.whl (13 kB)
2025-10-16T19:24:49.7850046Z Downloading opentelemetry_instrumentation_requests-0.59b0-py3-none-any.whl (12 kB)
2025-10-16T19:24:49.8067012Z Downloading opentelemetry_instrumentation_urllib-0.59b0-py3-none-any.whl (12 kB)
2025-10-16T19:24:49.8280384Z Downloading opentelemetry_instrumentation_urllib3-0.59b0-py3-none-any.whl (13 kB)
2025-10-16T19:24:49.8492654Z Downloading opentelemetry_resource_detector_azure-0.1.5-py3-none-any.whl (14 kB)
2025-10-16T19:24:49.8708642Z Downloading psutil-7.1.0-cp36-abi3-manylinux_2_12_x86_64.manylinux2010_x86_64.manylinux_2_17_x86_64.manylinux2014_x86_64.whl (291 kB)
2025-10-16T19:24:49.8933925Z Downloading wrapt-1.17.3-cp312-cp312-manylinux1_x86_64.manylinux_2_28_x86_64.manylinux_2_5_x86_64.whl (88 kB)
2025-10-16T19:24:49.9148574Z Downloading absl_py-2.3.1-py3-none-any.whl (135 kB)
2025-10-16T19:24:49.9365849Z Downloading annotated_types-0.7.0-py3-none-any.whl (13 kB)
2025-10-16T19:24:49.9578920Z Downloading astunparse-1.6.3-py2.py3-none-any.whl (12 kB)
2025-10-16T19:24:49.9791545Z Downloading six-1.17.0-py2.py3-none-any.whl (11 kB)
2025-10-16T19:24:50.0004182Z Downloading wheel-0.45.1-py3-none-any.whl (72 kB)
2025-10-16T19:24:50.0222086Z Downloading authlib-1.6.5-py2.py3-none-any.whl (243 kB)
2025-10-16T19:24:50.0444588Z Downloading blinker-1.9.0-py3-none-any.whl (8.5 kB)
2025-10-16T19:24:50.0658692Z Downloading certifi-2025.10.5-py3-none-any.whl (163 kB)
2025-10-16T19:24:50.0888835Z Downloading cffi-2.0.0-cp312-cp312-manylinux2014_x86_64.manylinux_2_17_x86_64.whl (219 kB)
2025-10-16T19:24:50.1114191Z Downloading contourpy-1.3.3-cp312-cp312-manylinux_2_27_x86_64.manylinux_2_28_x86_64.whl (362 kB)
2025-10-16T19:24:50.1345387Z Downloading cycler-0.12.1-py3-none-any.whl (8.3 kB)
2025-10-16T19:24:50.1557579Z Downloading cyclopts-3.24.0-py3-none-any.whl (86 kB)
2025-10-16T19:24:50.1773553Z Downloading rich_rst-1.3.2-py3-none-any.whl (12 kB)
2025-10-16T19:24:50.1986590Z Downloading attrs-25.4.0-py3-none-any.whl (67 kB)
2025-10-16T19:24:50.2202074Z Downloading docstring_parser-0.17.0-py3-none-any.whl (36 kB)
2025-10-16T19:24:50.2417430Z Downloading exceptiongroup-1.3.0-py3-none-any.whl (16 kB)
2025-10-16T19:24:50.2629258Z Downloading flatbuffers-25.9.23-py2.py3-none-any.whl (30 kB)
2025-10-16T19:24:50.2849523Z Downloading fonttools-4.60.1-cp312-cp312-manylinux1_x86_64.manylinux2014_x86_64.manylinux_2_17_x86_64.manylinux_2_5_x86_64.whl (4.9 MB)
2025-10-16T19:24:50.3168104Z    ━━━━━━━━━━━━━━━━━━━━━━━━━━━━━━━━━━━━━━━━ 4.9/4.9 MB 167.7 MB/s  0:00:00
2025-10-16T19:24:50.3361286Z Downloading gast-0.6.0-py3-none-any.whl (21 kB)
2025-10-16T19:24:50.3574037Z Downloading google_pasta-0.2.0-py3-none-any.whl (57 kB)
2025-10-16T19:24:50.3796047Z Downloading greenlet-3.2.4-cp312-cp312-manylinux_2_24_x86_64.manylinux_2_28_x86_64.whl (607 kB)
2025-10-16T19:24:50.3855225Z    ━━━━━━━━━━━━━━━━━━━━━━━━━━━━━━━━━━━━━━━━ 607.6/607.6 kB 107.0 MB/s  0:00:00
2025-10-16T19:24:50.4049295Z Downloading h11-0.16.0-py3-none-any.whl (37 kB)
2025-10-16T19:24:50.4264811Z Downloading h5py-3.15.1-cp312-cp312-manylinux_2_27_x86_64.manylinux_2_28_x86_64.whl (5.1 MB)
2025-10-16T19:24:50.4568459Z    ━━━━━━━━━━━━━━━━━━━━━━━━━━━━━━━━━━━━━━━━ 5.1/5.1 MB 174.9 MB/s  0:00:00
2025-10-16T19:24:50.4764461Z Downloading httpx-0.28.1-py3-none-any.whl (73 kB)
2025-10-16T19:24:50.4985289Z Downloading httpcore-1.0.9-py3-none-any.whl (78 kB)
2025-10-16T19:24:50.5202006Z Downloading httpx_sse-0.4.3-py3-none-any.whl (9.0 kB)
2025-10-16T19:24:50.5415420Z Downloading itsdangerous-2.2.0-py3-none-any.whl (16 kB)
2025-10-16T19:24:50.5630453Z Downloading jinja2-3.1.6-py3-none-any.whl (134 kB)
2025-10-16T19:24:50.5852381Z Downloading joblib-1.5.2-py3-none-any.whl (308 kB)
2025-10-16T19:24:50.6081866Z Downloading jsonschema-4.25.1-py3-none-any.whl (90 kB)
2025-10-16T19:24:50.6299495Z Downloading jsonschema_specifications-2025.9.1-py3-none-any.whl (18 kB)
2025-10-16T19:24:50.6517260Z Downloading keras-3.11.3-py3-none-any.whl (1.4 MB)
2025-10-16T19:24:50.6617524Z    ━━━━━━━━━━━━━━━━━━━━━━━━━━━━━━━━━━━━━━━━ 1.4/1.4 MB 164.4 MB/s  0:00:00
2025-10-16T19:24:50.6820575Z Downloading kiwisolver-1.4.9-cp312-cp312-manylinux2014_x86_64.manylinux_2_17_x86_64.whl (1.5 MB)
2025-10-16T19:24:50.6926337Z    ━━━━━━━━━━━━━━━━━━━━━━━━━━━━━━━━━━━━━━━━ 1.5/1.5 MB 160.4 MB/s  0:00:00
2025-10-16T19:24:50.7128152Z Downloading libclang-18.1.1-py2.py3-none-manylinux2010_x86_64.whl (24.5 MB)
2025-10-16T19:24:50.8624819Z    ━━━━━━━━━━━━━━━━━━━━━━━━━━━━━━━━━━━━━━━━ 24.5/24.5 MB 167.3 MB/s  0:00:00
2025-10-16T19:24:50.8815124Z Downloading markdown-3.9-py3-none-any.whl (107 kB)
2025-10-16T19:24:50.9075980Z Downloading markupsafe-3.0.3-cp312-cp312-manylinux2014_x86_64.manylinux_2_17_x86_64.manylinux_2_28_x86_64.whl (22 kB)
2025-10-16T19:24:50.9292422Z Downloading msal-1.34.0-py3-none-any.whl (116 kB)
2025-10-16T19:24:50.9511010Z Downloading PyJWT-2.10.1-py3-none-any.whl (22 kB)
2025-10-16T19:24:50.9725071Z Downloading msal_extensions-1.3.1-py3-none-any.whl (20 kB)
2025-10-16T19:24:50.9938803Z Downloading msrest-0.7.1-py3-none-any.whl (85 kB)
2025-10-16T19:24:51.0156176Z Downloading isodate-0.7.2-py3-none-any.whl (22 kB)
2025-10-16T19:24:51.0369786Z Downloading openapi_core-0.19.5-py3-none-any.whl (106 kB)
2025-10-16T19:24:51.0589955Z Downloading jsonschema_path-0.3.4-py3-none-any.whl (14 kB)
2025-10-16T19:24:51.0802269Z Downloading openapi_schema_validator-0.6.3-py3-none-any.whl (8.8 kB)
2025-10-16T19:24:51.1015531Z Downloading openapi_spec_validator-0.7.2-py3-none-any.whl (39 kB)
2025-10-16T19:24:51.1233867Z Downloading lazy_object_proxy-1.12.0-cp312-cp312-manylinux1_x86_64.manylinux_2_28_x86_64.manylinux_2_5_x86_64.whl (71 kB)
2025-10-16T19:24:51.1446940Z Downloading pathable-0.4.4-py3-none-any.whl (9.6 kB)
2025-10-16T19:24:51.1659621Z Downloading referencing-0.36.2-py3-none-any.whl (26 kB)
2025-10-16T19:24:51.1873792Z Downloading werkzeug-3.1.1-py3-none-any.whl (224 kB)
2025-10-16T19:24:51.2096199Z Downloading openapi_pydantic-0.5.1-py3-none-any.whl (96 kB)
2025-10-16T19:24:51.2312077Z Downloading opt_einsum-3.4.0-py3-none-any.whl (71 kB)
2025-10-16T19:24:51.2528705Z Downloading pillow-12.0.0-cp312-cp312-manylinux_2_27_x86_64.manylinux_2_28_x86_64.whl (7.0 MB)
2025-10-16T19:24:51.2925593Z    ━━━━━━━━━━━━━━━━━━━━━━━━━━━━━━━━━━━━━━━━ 7.0/7.0 MB 184.6 MB/s  0:00:00
2025-10-16T19:24:51.3121370Z Downloading pyasn1-0.6.1-py3-none-any.whl (83 kB)
2025-10-16T19:24:51.3338389Z Downloading pyasn1_modules-0.4.2-py3-none-any.whl (181 kB)
2025-10-16T19:24:51.3559030Z Downloading pydantic_settings-2.11.0-py3-none-any.whl (48 kB)
2025-10-16T19:24:51.3771780Z Downloading email_validator-2.3.0-py3-none-any.whl (35 kB)
2025-10-16T19:24:51.3988400Z Downloading dnspython-2.8.0-py3-none-any.whl (331 kB)
2025-10-16T19:24:51.4215622Z Downloading pyparsing-3.2.5-py3-none-any.whl (113 kB)
2025-10-16T19:24:51.4432740Z Downloading pyperclip-1.11.0-py3-none-any.whl (11 kB)
2025-10-16T19:24:51.4646937Z Downloading python_multipart-0.0.20-py3-none-any.whl (24 kB)
2025-10-16T19:24:51.4864744Z Downloading pytz-2025.2-py2.py3-none-any.whl (509 kB)
2025-10-16T19:24:51.5103763Z Downloading regex-2025.9.18-cp312-cp312-manylinux2014_x86_64.manylinux_2_17_x86_64.manylinux_2_28_x86_64.whl (802 kB)
2025-10-16T19:24:51.5167064Z    ━━━━━━━━━━━━━━━━━━━━━━━━━━━━━━━━━━━━━━━━ 802.0/802.0 kB 132.9 MB/s  0:00:00
2025-10-16T19:24:51.5364814Z Downloading requests_oauthlib-2.0.0-py2.py3-none-any.whl (24 kB)
2025-10-16T19:24:51.5578583Z Downloading oauthlib-3.3.1-py3-none-any.whl (160 kB)
2025-10-16T19:24:51.5797682Z Downloading rich-14.2.0-py3-none-any.whl (243 kB)
2025-10-16T19:24:51.6023790Z Downloading pygments-2.19.2-py3-none-any.whl (1.2 MB)
2025-10-16T19:24:51.6113793Z    ━━━━━━━━━━━━━━━━━━━━━━━━━━━━━━━━━━━━━━━━ 1.2/1.2 MB 175.5 MB/s  0:00:00
2025-10-16T19:24:51.6310283Z Downloading markdown_it_py-4.0.0-py3-none-any.whl (87 kB)
2025-10-16T19:24:51.6528550Z Downloading mdurl-0.1.2-py3-none-any.whl (10.0 kB)
2025-10-16T19:24:51.6744022Z Downloading rpds_py-0.27.1-cp312-cp312-manylinux_2_17_x86_64.manylinux2014_x86_64.whl (386 kB)
2025-10-16T19:24:51.6977257Z Downloading setuptools-80.9.0-py3-none-any.whl (1.2 MB)
2025-10-16T19:24:51.7058355Z    ━━━━━━━━━━━━━━━━━━━━━━━━━━━━━━━━━━━━━━━━ 1.2/1.2 MB 161.0 MB/s  0:00:00
2025-10-16T19:24:51.7254904Z Downloading smart_open-7.3.1-py3-none-any.whl (61 kB)
2025-10-16T19:24:51.7468283Z Downloading sniffio-1.3.1-py3-none-any.whl (10 kB)
2025-10-16T19:24:51.7679225Z Downloading sse_starlette-3.0.2-py3-none-any.whl (11 kB)
2025-10-16T19:24:51.7890450Z Downloading termcolor-3.1.0-py3-none-any.whl (7.7 kB)
2025-10-16T19:24:51.8103616Z Downloading threadpoolctl-3.6.0-py3-none-any.whl (18 kB)
2025-10-16T19:24:51.8317207Z Downloading typing_inspection-0.4.2-py3-none-any.whl (14 kB)
2025-10-16T19:24:51.8534143Z Downloading tzdata-2025.2-py2.py3-none-any.whl (347 kB)
2025-10-16T19:24:51.8769210Z Downloading httptools-0.7.1-cp312-cp312-manylinux1_x86_64.manylinux_2_28_x86_64.manylinux_2_5_x86_64.whl (517 kB)
2025-10-16T19:24:51.9005580Z Downloading uvloop-0.21.0-cp312-cp312-manylinux_2_17_x86_64.manylinux2014_x86_64.whl (4.7 MB)
2025-10-16T19:24:51.9309354Z    ━━━━━━━━━━━━━━━━━━━━━━━━━━━━━━━━━━━━━━━━ 4.7/4.7 MB 164.4 MB/s  0:00:00
2025-10-16T19:24:51.9505871Z Downloading watchfiles-1.1.1-cp312-cp312-manylinux_2_17_x86_64.manylinux2014_x86_64.whl (456 kB)
2025-10-16T19:24:51.9740602Z Downloading websockets-15.0.1-cp312-cp312-manylinux_2_5_x86_64.manylinux1_x86_64.manylinux_2_17_x86_64.manylinux2014_x86_64.whl (182 kB)
2025-10-16T19:24:51.9969169Z Downloading zipp-3.23.0-py3-none-any.whl (10 kB)
2025-10-16T19:24:52.0183194Z Downloading docutils-0.22.2-py3-none-any.whl (632 kB)
2025-10-16T19:24:52.0540106Z    ━━━━━━━━━━━━━━━━━━━━━━━━━━━━━━━━━━━━━━━━ 632.7/632.7 kB 70.7 MB/s  0:00:00
2025-10-16T19:24:52.0736559Z Downloading mako-1.3.10-py3-none-any.whl (78 kB)
2025-10-16T19:24:52.0955295Z Downloading more_itertools-10.8.0-py3-none-any.whl (69 kB)
2025-10-16T19:24:52.1172678Z Downloading namex-0.1.0-py3-none-any.whl (5.9 kB)
2025-10-16T19:24:52.1389068Z Downloading optree-0.17.0-cp312-cp312-manylinux_2_27_x86_64.manylinux_2_28_x86_64.whl (408 kB)
2025-10-16T19:24:52.1616796Z Downloading parse-1.20.2-py2.py3-none-any.whl (20 kB)
2025-10-16T19:24:52.1831523Z Downloading pycparser-2.23-py3-none-any.whl (118 kB)
2025-10-16T19:24:52.2049232Z Downloading rfc3339_validator-0.1.4-py2.py3-none-any.whl (3.5 kB)
2025-10-16T19:24:52.2266750Z Downloading tqdm-4.67.1-py3-none-any.whl (78 kB)
2025-10-16T19:24:53.2829569Z Installing collected packages: pytz, pyperclip, parse, namex, libclang, flatbuffers, fixedint, zipp, wrapt, wheel, websockets, uvloop, urllib3, tzdata, typing_extensions, tqdm, threadpoolctl, termcolor, tensorboard-data-server, sqlparse, sniffio, smmap, six, setuptools, rpds-py, regex, pyyaml, python-multipart, python-dotenv, pyparsing, PyJWT, pygments, pycparser, pyasn1, pyarrow, psutil, protobuf, pillow, pathable, packaging, opt_einsum, opentelemetry-util-http, oauthlib, numpy, more-itertools, mdurl, markupsafe, markdown, lazy-object-proxy, kiwisolver, joblib, itsdangerous, isodate, idna, httpx-sse, httptools, h11, greenlet, graphql-core, gast, fonttools, docutils, docstring-parser, dnspython, cycler, cloudpickle, click, charset_normalizer, certifi, cachetools, blinker, attrs, asgiref, annotated-types, absl-py, werkzeug, uvicorn, typing-inspection, sqlalchemy, smart-open, scipy, rsa, rfc3339-validator, requests, referencing, python-dateutil, pydantic-core, pyasn1-modules, optree, opentelemetry-proto, nltk, ml_dtypes, markdown-it-py, Mako, jinja2, importlib_metadata, httpcore, h5py, gunicorn, grpcio, graphql-relay, google_pasta, gitdb, exceptiongroup, email-validator, contourpy, cffi, astunparse, anyio, watchfiles, tensorboard, starlette, sse-starlette, scikit-learn, rich, requests-oauthlib, pydantic, pandas, opentelemetry-api, matplotlib, jsonschema-specifications, jsonschema-path, httpx, graphene, google-auth, gitpython, gensim, Flask, docker, cryptography, azure-core, alembic, rich-rst, pydantic-settings, opentelemetry-semantic-conventions, openapi-pydantic, msrest, keras, jsonschema, Flask-CORS, fastapi, databricks-sdk, azure-core-tracing-opentelemetry, authlib, tensorflow-cpu, opentelemetry-sdk, opentelemetry-instrumentation, openapi-schema-validator, msal, mcp, cyclopts, opentelemetry-resource-detector-azure, opentelemetry-instrumentation-wsgi, opentelemetry-instrumentation-urllib3, opentelemetry-instrumentation-urllib, opentelemetry-instrumentation-requests, opentelemetry-instrumentation-dbapi, opentelemetry-instrumentation-asgi, openapi-spec-validator, msal-extensions, mlflow-tracing, mlflow-skinny, opentelemetry-instrumentation-psycopg2, opentelemetry-instrumentation-flask, opentelemetry-instrumentation-fastapi, opentelemetry-instrumentation-django, openapi-core, azure-identity, fastmcp, azure-monitor-opentelemetry-exporter, mlflow, azure-monitor-opentelemetry
2025-10-16T19:25:40.0278699Z 
2025-10-16T19:25:40.0432704Z Successfully installed Flask-3.1.2 Flask-CORS-6.0.1 Mako-1.3.10 PyJWT-2.10.1 absl-py-2.3.1 alembic-1.17.0 annotated-types-0.7.0 anyio-4.11.0 asgiref-3.10.0 astunparse-1.6.3 attrs-25.4.0 authlib-1.6.5 azure-core-1.36.0 azure-core-tracing-opentelemetry-1.0.0b12 azure-identity-1.25.1 azure-monitor-opentelemetry-1.8.1 azure-monitor-opentelemetry-exporter-1.0.0b44 blinker-1.9.0 cachetools-6.2.1 certifi-2025.10.5 cffi-2.0.0 charset_normalizer-3.4.4 click-8.3.0 cloudpickle-3.1.1 contourpy-1.3.3 cryptography-46.0.3 cycler-0.12.1 cyclopts-3.24.0 databricks-sdk-0.68.0 dnspython-2.8.0 docker-7.1.0 docstring-parser-0.17.0 docutils-0.22.2 email-validator-2.3.0 exceptiongroup-1.3.0 fastapi-0.119.0 fastmcp-2.12.4 fixedint-0.1.6 flatbuffers-25.9.23 fonttools-4.60.1 gast-0.6.0 gensim-4.3.3 gitdb-4.0.12 gitpython-3.1.45 google-auth-2.41.1 google_pasta-0.2.0 graphene-3.4.3 graphql-core-3.2.6 graphql-relay-3.2.0 greenlet-3.2.4 grpcio-1.75.1 gunicorn-23.0.0 h11-0.16.0 h5py-3.15.1 httpcore-1.0.9 httptools-0.7.1 httpx-0.28.1 httpx-sse-0.4.3 idna-3.11 importlib_metadata-8.7.0 isodate-0.7.2 itsdangerous-2.2.0 jinja2-3.1.6 joblib-1.5.2 jsonschema-4.25.1 jsonschema-path-0.3.4 jsonschema-specifications-2025.9.1 keras-3.11.3 kiwisolver-1.4.9 lazy-object-proxy-1.12.0 libclang-18.1.1 markdown-3.9 markdown-it-py-4.0.0 markupsafe-3.0.3 matplotlib-3.10.7 mcp-1.18.0 mdurl-0.1.2 ml_dtypes-0.5.3 mlflow-3.5.0 mlflow-skinny-3.5.0 mlflow-tracing-3.5.0 more-itertools-10.8.0 msal-1.34.0 msal-extensions-1.3.1 msrest-0.7.1 namex-0.1.0 nltk-3.9.2 numpy-1.26.4 oauthlib-3.3.1 openapi-core-0.19.5 openapi-pydantic-0.5.1 openapi-schema-validator-0.6.3 openapi-spec-validator-0.7.2 opentelemetry-api-1.38.0 opentelemetry-instrumentation-0.59b0 opentelemetry-instrumentation-asgi-0.59b0 opentelemetry-instrumentation-dbapi-0.59b0 opentelemetry-instrumentation-django-0.59b0 opentelemetry-instrumentation-fastapi-0.59b0 opentelemetry-instrumentation-flask-0.59b0 opentelemetry-instrumentation-psycopg2-0.59b0 opentelemetry-instrumentation-requests-0.59b0 opentelemetry-instrumentation-urllib-0.59b0 opentelemetry-instrumentation-urllib3-0.59b0 opentelemetry-instrumentation-wsgi-0.59b0 opentelemetry-proto-1.38.0 opentelemetry-resource-detector-azure-0.1.5 opentelemetry-sdk-1.38.0 opentelemetry-semantic-conventions-0.59b0 opentelemetry-util-http-0.59b0 opt_einsum-3.4.0 optree-0.17.0 packaging-25.0 pandas-2.3.3 parse-1.20.2 pathable-0.4.4 pillow-12.0.0 protobuf-6.33.0 psutil-7.1.0 pyarrow-21.0.0 pyasn1-0.6.1 pyasn1-modules-0.4.2 pycparser-2.23 pydantic-2.12.2 pydantic-core-2.41.4 pydantic-settings-2.11.0 pygments-2.19.2 pyparsing-3.2.5 pyperclip-1.11.0 python-dateutil-2.9.0.post0 python-dotenv-1.1.1 python-multipart-0.0.20 pytz-2025.2 pyyaml-6.0.3 referencing-0.36.2 regex-2025.9.18 requests-2.32.5 requests-oauthlib-2.0.0 rfc3339-validator-0.1.4 rich-14.2.0 rich-rst-1.3.2 rpds-py-0.27.1 rsa-4.9.1 scikit-learn-1.7.2 scipy-1.13.1 setuptools-80.9.0 six-1.17.0 smart-open-7.3.1 smmap-5.0.2 sniffio-1.3.1 sqlalchemy-2.0.44 sqlparse-0.5.3 sse-starlette-3.0.2 starlette-0.48.0 tensorboard-2.20.0 tensorboard-data-server-0.7.2 tensorflow-cpu-2.20.0 termcolor-3.1.0 threadpoolctl-3.6.0 tqdm-4.67.1 typing-inspection-0.4.2 typing_extensions-4.15.0 tzdata-2025.2 urllib3-2.5.0 uvicorn-0.37.0 uvloop-0.21.0 watchfiles-1.1.1 websockets-15.0.1 werkzeug-3.1.1 wheel-0.45.1 wrapt-1.17.3 zipp-3.23.0
2025-10-16T19:25:41.0997503Z ##[group]Run # Créer le dossier de déploiement
2025-10-16T19:25:41.0997983Z [36;1m# Créer le dossier de déploiement[0m
2025-10-16T19:25:41.0998344Z [36;1mmkdir -p deploy-package[0m
2025-10-16T19:25:41.0998646Z [36;1m[0m
2025-10-16T19:25:41.0998908Z [36;1m# Copier les fichiers nécessaires[0m
2025-10-16T19:25:41.0999248Z [36;1mcp -r api deploy-package/[0m
2025-10-16T19:25:41.0999566Z [36;1mcp -r src deploy-package/[0m
2025-10-16T19:25:41.0999880Z [36;1mcp -r models deploy-package/[0m
2025-10-16T19:25:41.1000290Z [36;1mcp requirements-api.txt deploy-package/requirements.txt[0m
2025-10-16T19:25:41.1000681Z [36;1m[0m
2025-10-16T19:25:41.1000979Z [36;1m# Créer le fichier de configuration pour Azure[0m
2025-10-16T19:25:41.1001394Z [36;1mcat > deploy-package/startup.sh << 'EOF'[0m
2025-10-16T19:25:41.1001741Z [36;1m#!/bin/bash[0m
2025-10-16T19:25:41.1002053Z [36;1m# Script de démarrage pour Azure App Service[0m
2025-10-16T19:25:41.1002625Z [36;1mcd /home/site/wwwroot[0m
2025-10-16T19:25:41.1003033Z [36;1mgunicorn --bind 0.0.0.0:8000 --workers 1 --timeout 600 api.main:app[0m
2025-10-16T19:25:41.1004272Z [36;1mEOF[0m
2025-10-16T19:25:41.1004520Z [36;1m[0m
2025-10-16T19:25:41.1004787Z [36;1mchmod +x deploy-package/startup.sh[0m
2025-10-16T19:25:41.1005107Z [36;1m[0m
2025-10-16T19:25:41.1005380Z [36;1m# Créer le README de déploiement[0m
2025-10-16T19:25:41.1005812Z [36;1mecho "Déploiement: $(date)" > deploy-package/DEPLOYMENT_INFO.txt[0m
2025-10-16T19:25:41.1006449Z [36;1mecho "Commit: 6ac28818c9bc442b69fde8f77b0bd39aa014a882" >> deploy-package/DEPLOYMENT_INFO.txt[0m
2025-10-16T19:25:41.1007055Z [36;1mecho "Branch: main" >> deploy-package/DEPLOYMENT_INFO.txt[0m
2025-10-16T19:25:41.1040443Z shell: /usr/bin/bash -e ***0***
2025-10-16T19:25:41.1040749Z env:
2025-10-16T19:25:41.1041023Z   AZURE_WEBAPP_NAME: sentiment-api-at2025
2025-10-16T19:25:41.1041373Z   AZURE_WEBAPP_PACKAGE_PATH: .
2025-10-16T19:25:41.1041675Z   PYTHON_VERSION: 3.12
2025-10-16T19:25:41.1042018Z   pythonLocation: /opt/hostedtoolcache/Python/3.12.11/x64
2025-10-16T19:25:41.1042503Z   PKG_CONFIG_PATH: /opt/hostedtoolcache/Python/3.12.11/x64/lib/pkgconfig
2025-10-16T19:25:41.1042976Z   Python_ROOT_DIR: /opt/hostedtoolcache/Python/3.12.11/x64
2025-10-16T19:25:41.1043693Z   Python2_ROOT_DIR: /opt/hostedtoolcache/Python/3.12.11/x64
2025-10-16T19:25:41.1044147Z   Python3_ROOT_DIR: /opt/hostedtoolcache/Python/3.12.11/x64
2025-10-16T19:25:41.1044589Z   LD_LIBRARY_PATH: /opt/hostedtoolcache/Python/3.12.11/x64/lib
2025-10-16T19:25:41.1044956Z ##[endgroup]
2025-10-16T19:25:41.1437287Z ##[group]Run azure/login@v2
2025-10-16T19:25:41.1437588Z with:
2025-10-16T19:25:41.1439802Z   creds: ***
2025-10-16T19:25:41.1440057Z   enable-AzPSSession: false
2025-10-16T19:25:41.1440342Z   environment: azurecloud
2025-10-16T19:25:41.1440622Z   allow-no-subscriptions: false
2025-10-16T19:25:41.1440929Z   audience: api://AzureADTokenExchange
2025-10-16T19:25:41.1441265Z   auth-type: SERVICE_PRINCIPAL
2025-10-16T19:25:41.1441528Z env:
2025-10-16T19:25:41.1441770Z   AZURE_WEBAPP_NAME: sentiment-api-at2025
2025-10-16T19:25:41.1442091Z   AZURE_WEBAPP_PACKAGE_PATH: .
2025-10-16T19:25:41.1442366Z   PYTHON_VERSION: 3.12
2025-10-16T19:25:41.1442694Z   pythonLocation: /opt/hostedtoolcache/Python/3.12.11/x64
2025-10-16T19:25:41.1443166Z   PKG_CONFIG_PATH: /opt/hostedtoolcache/Python/3.12.11/x64/lib/pkgconfig
2025-10-16T19:25:41.1443864Z   Python_ROOT_DIR: /opt/hostedtoolcache/Python/3.12.11/x64
2025-10-16T19:25:41.1444275Z   Python2_ROOT_DIR: /opt/hostedtoolcache/Python/3.12.11/x64
2025-10-16T19:25:41.1444704Z   Python3_ROOT_DIR: /opt/hostedtoolcache/Python/3.12.11/x64
2025-10-16T19:25:41.1445116Z   LD_LIBRARY_PATH: /opt/hostedtoolcache/Python/3.12.11/x64/lib
2025-10-16T19:25:41.1445465Z ##[endgroup]
2025-10-16T19:25:41.1821626Z Running Azure CLI Login.
2025-10-16T19:26:09.7241230Z [command]/usr/bin/az cloud set -n azurecloud
2025-10-16T19:26:09.9631288Z Done setting cloud: "azurecloud"
2025-10-16T19:26:09.9633621Z Note: Azure/login action also supports OIDC login mechanism. Refer https://github.com/azure/login#configure-a-service-principal-with-a-federated-credential-to-use-oidc-based-authentication for more details.
2025-10-16T19:26:09.9636561Z Attempting Azure CLI login by using service principal with secret...
2025-10-16T19:26:12.0219535Z Subscription is set successfully.
2025-10-16T19:26:12.0238096Z Azure CLI login succeeds by using service principal with secret.
2025-10-16T19:26:12.0356817Z ##[group]Run azure/webapps-deploy@v3
2025-10-16T19:26:12.0357402Z with:
2025-10-16T19:26:12.0357854Z   app-name: sentiment-api-at2025
2025-10-16T19:26:12.0358418Z   package: ./deploy-package
2025-10-16T19:26:12.0358919Z   slot-name: production
2025-10-16T19:26:12.0359375Z env:
2025-10-16T19:26:12.0359800Z   AZURE_WEBAPP_NAME: sentiment-api-at2025
2025-10-16T19:26:12.0360373Z   AZURE_WEBAPP_PACKAGE_PATH: .
2025-10-16T19:26:12.0360864Z   PYTHON_VERSION: 3.12
2025-10-16T19:26:12.0361423Z   pythonLocation: /opt/hostedtoolcache/Python/3.12.11/x64
2025-10-16T19:26:12.0362492Z   PKG_CONFIG_PATH: /opt/hostedtoolcache/Python/3.12.11/x64/lib/pkgconfig
2025-10-16T19:26:12.0363530Z   Python_ROOT_DIR: /opt/hostedtoolcache/Python/3.12.11/x64
2025-10-16T19:26:12.0364278Z   Python2_ROOT_DIR: /opt/hostedtoolcache/Python/3.12.11/x64
2025-10-16T19:26:12.0365009Z   Python3_ROOT_DIR: /opt/hostedtoolcache/Python/3.12.11/x64
2025-10-16T19:26:12.0365788Z   LD_LIBRARY_PATH: /opt/hostedtoolcache/Python/3.12.11/x64/lib
2025-10-16T19:26:12.0366512Z ##[endgroup]
2025-10-16T19:26:14.4256440Z Validating SPN Linux Web App inputs...
2025-10-16T19:26:14.4266564Z Predeployment Step Started
2025-10-16T19:26:16.0490516Z Deployment Step Started
2025-10-16T19:26:16.0492700Z Starting deployment for web app...
2025-10-16T19:26:18.6548327Z Package deployment using OneDeploy initiated.
2025-10-16T19:33:32.2368891Z ***
2025-10-16T19:33:32.2370501Z   id: '0b89f064-c51e-401b-b03d-7de31aabe829',
2025-10-16T19:33:32.2372248Z   status: 4,
2025-10-16T19:33:32.2373737Z   status_text: '',
2025-10-16T19:33:32.2375109Z   author_email: 'N/A',
2025-10-16T19:33:32.2375960Z   author: 'N/A',
2025-10-16T19:33:32.2376552Z   deployer: 'OneDeploy',
2025-10-16T19:33:32.2376856Z   message: 'OneDeploy',
2025-10-16T19:33:32.2377132Z   progress: '',
2025-10-16T19:33:32.2377412Z   received_time: '2025-10-16T19:26:26.5054826Z',
2025-10-16T19:33:32.2377766Z   start_time: '2025-10-16T19:26:27.9355397Z',
2025-10-16T19:33:32.2378117Z   end_time: '2025-10-16T19:33:24.7056405Z',
2025-10-16T19:33:32.2378472Z   last_success_end_time: '2025-10-16T19:33:24.7056405Z',
2025-10-16T19:33:32.2378814Z   complete: true,
2025-10-16T19:33:32.2379062Z   active: true,
2025-10-16T19:33:32.2379301Z   is_temp: false,
2025-10-16T19:33:32.2379546Z   is_readonly: true,
2025-10-16T19:33:32.2382045Z   url: 'https://sentiment-api-at2025.scm.azurewebsites.net/api/deployments/0b89f064-c51e-401b-b03d-7de31aabe829',
2025-10-16T19:33:32.2384953Z   log_url: 'https://sentiment-api-at2025.scm.azurewebsites.net/api/deployments/0b89f064-c51e-401b-b03d-7de31aabe829/log',
2025-10-16T19:33:32.2385622Z   site_name: 'sentiment-api-at2025',
2025-10-16T19:33:32.2386021Z   build_summary: *** errors: [], warnings: [] ***
2025-10-16T19:33:32.2386497Z ***
2025-10-16T19:33:32.5368466Z Deploy logs can be viewed at https://sentiment-api-at2025.scm.azurewebsites.net/api/deployments/0b89f064-c51e-401b-b03d-7de31aabe829/log
2025-10-16T19:33:32.5371649Z Successfully deployed web package to App Service.
2025-10-16T19:33:33.0537794Z App Service Application URL: http://sentiment-api-at2025.azurewebsites.net
2025-10-16T19:33:33.0650508Z ##[group]Run az webapp config appsettings set \
2025-10-16T19:33:33.0651268Z [36;1maz webapp config appsettings set \[0m
2025-10-16T19:33:33.0651913Z [36;1m  --name sentiment-api-at2025 \[0m
2025-10-16T19:33:33.0652591Z [36;1m  --resource-group *** \[0m
2025-10-16T19:33:33.0653146Z [36;1m  --settings \[0m
2025-10-16T19:33:33.0654265Z [36;1m    APPLICATIONINSIGHTS_CONNECTION_STRING="***" \[0m
2025-10-16T19:33:33.0655107Z [36;1m    MODEL_PATH="./models/production/pyfunc_model/model" \[0m
2025-10-16T19:33:33.0655805Z [36;1m    WEBSITES_PORT=8000 \[0m
2025-10-16T19:33:33.0656409Z [36;1m    SCM_DO_BUILD_DURING_DEPLOYMENT=true[0m
2025-10-16T19:33:33.0705030Z shell: /usr/bin/bash -e ***0***
2025-10-16T19:33:33.0705552Z env:
2025-10-16T19:33:33.0706017Z   AZURE_WEBAPP_NAME: sentiment-api-at2025
2025-10-16T19:33:33.0706623Z   AZURE_WEBAPP_PACKAGE_PATH: .
2025-10-16T19:33:33.0707166Z   PYTHON_VERSION: 3.12
2025-10-16T19:33:33.0707819Z   pythonLocation: /opt/hostedtoolcache/Python/3.12.11/x64
2025-10-16T19:33:33.0708685Z   PKG_CONFIG_PATH: /opt/hostedtoolcache/Python/3.12.11/x64/lib/pkgconfig
2025-10-16T19:33:33.0709543Z   Python_ROOT_DIR: /opt/hostedtoolcache/Python/3.12.11/x64
2025-10-16T19:33:33.0710379Z   Python2_ROOT_DIR: /opt/hostedtoolcache/Python/3.12.11/x64
2025-10-16T19:33:33.0711163Z   Python3_ROOT_DIR: /opt/hostedtoolcache/Python/3.12.11/x64
2025-10-16T19:33:33.0711958Z   LD_LIBRARY_PATH: /opt/hostedtoolcache/Python/3.12.11/x64/lib
2025-10-16T19:33:33.0712917Z   AZURE_HTTP_USER_AGENT: 
2025-10-16T19:33:33.0713620Z ##[endgroup]
2025-10-16T19:33:38.8264364Z [
2025-10-16T19:33:38.8265875Z   ***
2025-10-16T19:33:38.8266339Z     "name": "WEBSITES_PORT",
2025-10-16T19:33:38.8266881Z     "slotSetting": false,
2025-10-16T19:33:38.8267371Z     "value": null
2025-10-16T19:33:38.8267814Z   ***,
2025-10-16T19:33:38.8268203Z   ***
2025-10-16T19:33:38.8268689Z     "name": "WEBSITE_HTTPLOGGING_RETENTION_DAYS",
2025-10-16T19:33:38.8269304Z     "slotSetting": false,
2025-10-16T19:33:38.8269813Z     "value": null
2025-10-16T19:33:38.8270248Z   ***,
2025-10-16T19:33:38.8270634Z   ***
2025-10-16T19:33:38.8271105Z     "name": "APPINSIGHTS_INSTRUMENTATIONKEY",
2025-10-16T19:33:38.8271713Z     "slotSetting": false,
2025-10-16T19:33:38.8272187Z     "value": null
2025-10-16T19:33:38.8272619Z   ***,
2025-10-16T19:33:38.8273011Z   ***
2025-10-16T19:33:38.8273704Z     "name": "APPLICATIONINSIGHTS_CONNECTION_STRING",
2025-10-16T19:33:38.8274347Z     "slotSetting": false,
2025-10-16T19:33:38.8274815Z     "value": null
2025-10-16T19:33:38.8275255Z   ***,
2025-10-16T19:33:38.8275650Z   ***
2025-10-16T19:33:38.8276066Z     "name": "MODEL_PATH",
2025-10-16T19:33:38.8276548Z     "slotSetting": false,
2025-10-16T19:33:38.8277010Z     "value": null
2025-10-16T19:33:38.8277439Z   ***,
2025-10-16T19:33:38.8277823Z   ***
2025-10-16T19:33:38.8278276Z     "name": "SCM_DO_BUILD_DURING_DEPLOYMENT",
2025-10-16T19:33:38.8278862Z     "slotSetting": false,
2025-10-16T19:33:38.8279331Z     "value": null
2025-10-16T19:33:38.8279782Z   ***
2025-10-16T19:33:38.8280167Z ]
2025-10-16T19:33:39.0054418Z ##[group]Run echo "⏳ Attente du démarrage de l'application..."
2025-10-16T19:33:39.0055372Z [36;1mecho "⏳ Attente du démarrage de l'application..."[0m
2025-10-16T19:33:39.0056025Z [36;1msleep 30[0m
2025-10-16T19:33:39.0104112Z shell: /usr/bin/bash -e ***0***
2025-10-16T19:33:39.0104659Z env:
2025-10-16T19:33:39.0105143Z   AZURE_WEBAPP_NAME: sentiment-api-at2025
2025-10-16T19:33:39.0105809Z   AZURE_WEBAPP_PACKAGE_PATH: .
2025-10-16T19:33:39.0106347Z   PYTHON_VERSION: 3.12
2025-10-16T19:33:39.0106967Z   pythonLocation: /opt/hostedtoolcache/Python/3.12.11/x64
2025-10-16T19:33:39.0107876Z   PKG_CONFIG_PATH: /opt/hostedtoolcache/Python/3.12.11/x64/lib/pkgconfig
2025-10-16T19:33:39.0108777Z   Python_ROOT_DIR: /opt/hostedtoolcache/Python/3.12.11/x64
2025-10-16T19:33:39.0109612Z   Python2_ROOT_DIR: /opt/hostedtoolcache/Python/3.12.11/x64
2025-10-16T19:33:39.0110422Z   Python3_ROOT_DIR: /opt/hostedtoolcache/Python/3.12.11/x64
2025-10-16T19:33:39.0111305Z   LD_LIBRARY_PATH: /opt/hostedtoolcache/Python/3.12.11/x64/lib
2025-10-16T19:33:39.0112014Z   AZURE_HTTP_USER_AGENT: 
2025-10-16T19:33:39.0112523Z ##[endgroup]
2025-10-16T19:33:39.0200000Z ⏳ Attente du démarrage de l'application...
2025-10-16T19:34:09.0262653Z ##[group]Run ENDPOINT="https://sentiment-api-at2025.azurewebsites.net"
2025-10-16T19:34:09.0264025Z [36;1mENDPOINT="https://sentiment-api-at2025.azurewebsites.net"[0m
2025-10-16T19:34:09.0264795Z [36;1m[0m
2025-10-16T19:34:09.0265256Z [36;1mecho "🌐 API URL: $ENDPOINT"[0m
2025-10-16T19:34:09.0265798Z [36;1m[0m
2025-10-16T19:34:09.0266250Z [36;1m# Test du endpoint /health[0m
2025-10-16T19:34:09.0266844Z [36;1mfor i in ***1..10***; do[0m
2025-10-16T19:34:09.0267437Z [36;1m  if curl -f "$ENDPOINT/health"; then[0m
2025-10-16T19:34:09.0268085Z [36;1m    echo "✅ Health check réussi"[0m
2025-10-16T19:34:09.0268645Z [36;1m    exit 0[0m
2025-10-16T19:34:09.0269098Z [36;1m  fi[0m
2025-10-16T19:34:09.0269555Z [36;1m  echo "⏳ Tentative $i/10..."[0m
2025-10-16T19:34:09.0270141Z [36;1m  sleep 15[0m
2025-10-16T19:34:09.0270609Z [36;1mdone[0m
2025-10-16T19:34:09.0271033Z [36;1m[0m
2025-10-16T19:34:09.0271473Z [36;1mecho "❌ Health check échoué"[0m
2025-10-16T19:34:09.0272095Z [36;1mexit 1[0m
2025-10-16T19:34:09.0307216Z shell: /usr/bin/bash -e ***0***
2025-10-16T19:34:09.0307535Z env:
2025-10-16T19:34:09.0307807Z   AZURE_WEBAPP_NAME: sentiment-api-at2025
2025-10-16T19:34:09.0308345Z   AZURE_WEBAPP_PACKAGE_PATH: .
2025-10-16T19:34:09.0308646Z   PYTHON_VERSION: 3.12
2025-10-16T19:34:09.0308981Z   pythonLocation: /opt/hostedtoolcache/Python/3.12.11/x64
2025-10-16T19:34:09.0309489Z   PKG_CONFIG_PATH: /opt/hostedtoolcache/Python/3.12.11/x64/lib/pkgconfig
2025-10-16T19:34:09.0309978Z   Python_ROOT_DIR: /opt/hostedtoolcache/Python/3.12.11/x64
2025-10-16T19:34:09.0310422Z   Python2_ROOT_DIR: /opt/hostedtoolcache/Python/3.12.11/x64
2025-10-16T19:34:09.0310863Z   Python3_ROOT_DIR: /opt/hostedtoolcache/Python/3.12.11/x64
2025-10-16T19:34:09.0311295Z   LD_LIBRARY_PATH: /opt/hostedtoolcache/Python/3.12.11/x64/lib
2025-10-16T19:34:09.0311676Z   AZURE_HTTP_USER_AGENT: 
2025-10-16T19:34:09.0311955Z ##[endgroup]
2025-10-16T19:34:09.0378837Z 🌐 API URL: https://sentiment-api-at2025.azurewebsites.net
2025-10-16T19:34:09.0447209Z   % Total    % Received % Xferd  Average Speed   Time    Time     Time  Current
2025-10-16T19:34:09.0449600Z                                  Dload  Upload   Total   Spent    Left  Speed
2025-10-16T19:34:09.0450089Z 
2025-10-16T19:34:10.4453608Z   0     0    0     0    0     0      0      0 --:--:-- --:--:-- --:--:--     0
2025-10-16T19:34:11.4464857Z   0     0    0     0    0     0      0      0 --:--:--  0:00:01 --:--:--     0
2025-10-16T19:34:12.4475929Z   0     0    0     0    0     0      0      0 --:--:--  0:00:02 --:--:--     0
2025-10-16T19:34:13.4487376Z   0     0    0     0    0     0      0      0 --:--:--  0:00:03 --:--:--     0
2025-10-16T19:34:14.4498823Z   0     0    0     0    0     0      0      0 --:--:--  0:00:04 --:--:--     0
2025-10-16T19:34:15.4510165Z   0     0    0     0    0     0      0      0 --:--:--  0:00:05 --:--:--     0
2025-10-16T19:34:16.4521551Z   0     0    0     0    0     0      0      0 --:--:--  0:00:06 --:--:--     0
2025-10-16T19:34:17.4532899Z   0     0    0     0    0     0      0      0 --:--:--  0:00:07 --:--:--     0
2025-10-16T19:34:18.4544310Z   0     0    0     0    0     0      0      0 --:--:--  0:00:08 --:--:--     0
2025-10-16T19:34:19.4556011Z   0     0    0     0    0     0      0      0 --:--:--  0:00:09 --:--:--     0
2025-10-16T19:34:20.4567530Z   0     0    0     0    0     0      0      0 --:--:--  0:00:10 --:--:--     0
2025-10-16T19:34:21.4578345Z   0     0    0     0    0     0      0      0 --:--:--  0:00:11 --:--:--     0
2025-10-16T19:34:22.4590252Z   0     0    0     0    0     0      0      0 --:--:--  0:00:12 --:--:--     0
2025-10-16T19:34:23.4601155Z   0     0    0     0    0     0      0      0 --:--:--  0:00:13 --:--:--     0
2025-10-16T19:34:24.4612542Z   0     0    0     0    0     0      0      0 --:--:--  0:00:14 --:--:--     0
2025-10-16T19:34:25.4624170Z   0     0    0     0    0     0      0      0 --:--:--  0:00:15 --:--:--     0
2025-10-16T19:34:26.4635941Z   0     0    0     0    0     0      0      0 --:--:--  0:00:16 --:--:--     0
2025-10-16T19:34:26.4869551Z   0     0    0     0    0     0      0      0 --:--:--  0:00:17 --:--:--     0
2025-10-16T19:34:26.4871758Z   0   207    0     0    0     0      0      0 --:--:--  0:00:17 --:--:--     0
2025-10-16T19:34:26.4872588Z curl: (22) The requested URL returned error: 404
2025-10-16T19:34:26.4895457Z ⏳ Tentative 1/10...
2025-10-16T19:34:41.4964240Z   % Total    % Received % Xferd  Average Speed   Time    Time     Time  Current
2025-10-16T19:34:41.4966071Z                                  Dload  Upload   Total   Spent    Left  Speed
2025-10-16T19:34:41.4966624Z 
2025-10-16T19:34:41.6203058Z   0     0    0     0    0     0      0      0 --:--:-- --:--:-- --:--:--     0
2025-10-16T19:34:42.0618552Z   0     0    0     0    0     0      0      0 --:--:-- --:--:-- --:--:--     0
2025-10-16T19:34:42.0623854Z   0   207    0     0    0     0      0      0 --:--:-- --:--:-- --:--:--     0
2025-10-16T19:34:42.0624809Z curl: (22) The requested URL returned error: 404
2025-10-16T19:34:42.0639555Z ⏳ Tentative 2/10...
2025-10-16T19:34:57.0707041Z   % Total    % Received % Xferd  Average Speed   Time    Time     Time  Current
2025-10-16T19:34:57.0708194Z                                  Dload  Upload   Total   Spent    Left  Speed
2025-10-16T19:34:57.0709382Z 
2025-10-16T19:34:57.5335586Z   0     0    0     0    0     0      0      0 --:--:-- --:--:-- --:--:--     0
2025-10-16T19:34:57.5337114Z   0   207    0     0    0     0      0      0 --:--:-- --:--:-- --:--:--     0
2025-10-16T19:34:57.5339304Z curl: (22) The requested URL returned error: 404
2025-10-16T19:34:57.5356896Z ⏳ Tentative 3/10...
2025-10-16T19:35:12.5425561Z   % Total    % Received % Xferd  Average Speed   Time    Time     Time  Current
2025-10-16T19:35:12.5427396Z                                  Dload  Upload   Total   Spent    Left  Speed
2025-10-16T19:35:12.5427851Z 
2025-10-16T19:35:12.9592565Z   0     0    0     0    0     0      0      0 --:--:-- --:--:-- --:--:--     0
2025-10-16T19:35:12.9594471Z   0   207    0     0    0     0      0      0 --:--:-- --:--:-- --:--:--     0
2025-10-16T19:35:12.9596012Z curl: (22) The requested URL returned error: 404
2025-10-16T19:35:12.9615638Z ⏳ Tentative 4/10...
2025-10-16T19:35:27.9686577Z   % Total    % Received % Xferd  Average Speed   Time    Time     Time  Current
2025-10-16T19:35:27.9688184Z                                  Dload  Upload   Total   Spent    Left  Speed
2025-10-16T19:35:27.9688725Z 
2025-10-16T19:35:28.3705969Z   0     0    0     0    0     0      0      0 --:--:-- --:--:-- --:--:--     0
2025-10-16T19:35:28.3707095Z   0   207    0     0    0     0      0      0 --:--:-- --:--:-- --:--:--     0
2025-10-16T19:35:28.3711662Z curl: (22) The requested URL returned error: 404
2025-10-16T19:35:28.3726994Z ⏳ Tentative 5/10...
2025-10-16T19:35:43.3795809Z   % Total    % Received % Xferd  Average Speed   Time    Time     Time  Current
2025-10-16T19:35:43.3797578Z                                  Dload  Upload   Total   Spent    Left  Speed
2025-10-16T19:35:43.3798079Z 
2025-10-16T19:35:43.5807426Z   0     0    0     0    0     0      0      0 --:--:-- --:--:-- --:--:--     0
2025-10-16T19:35:43.7843794Z   0     0    0     0    0     0      0      0 --:--:-- --:--:-- --:--:--     0
2025-10-16T19:35:43.7845465Z   0   207    0     0    0     0      0      0 --:--:-- --:--:-- --:--:--     0
2025-10-16T19:35:43.7846273Z curl: (22) The requested URL returned error: 404
2025-10-16T19:35:43.7862213Z ⏳ Tentative 6/10...
2025-10-16T19:35:58.7930148Z   % Total    % Received % Xferd  Average Speed   Time    Time     Time  Current
2025-10-16T19:35:58.7931303Z                                  Dload  Upload   Total   Spent    Left  Speed
2025-10-16T19:35:58.7934260Z 
2025-10-16T19:35:59.2069503Z   0     0    0     0    0     0      0      0 --:--:-- --:--:-- --:--:--     0
2025-10-16T19:35:59.2071136Z   0   207    0     0    0     0      0      0 --:--:-- --:--:-- --:--:--     0
2025-10-16T19:35:59.2073716Z curl: (22) The requested URL returned error: 404
2025-10-16T19:35:59.2091731Z ⏳ Tentative 7/10...
2025-10-16T19:36:14.2160190Z   % Total    % Received % Xferd  Average Speed   Time    Time     Time  Current
2025-10-16T19:36:14.2161342Z                                  Dload  Upload   Total   Spent    Left  Speed
2025-10-16T19:36:14.2162737Z 
2025-10-16T19:36:14.6119240Z   0     0    0     0    0     0      0      0 --:--:-- --:--:-- --:--:--     0
2025-10-16T19:36:14.6181503Z   0     0    0     0    0     0      0      0 --:--:-- --:--:-- --:--:--     0
2025-10-16T19:36:14.6183503Z   0   207    0     0    0     0      0      0 --:--:-- --:--:-- --:--:--     0
2025-10-16T19:36:14.6184246Z curl: (22) The requested URL returned error: 404
2025-10-16T19:36:14.6200729Z ⏳ Tentative 8/10...
2025-10-16T19:36:29.6269444Z   % Total    % Received % Xferd  Average Speed   Time    Time     Time  Current
2025-10-16T19:36:29.6270616Z                                  Dload  Upload   Total   Spent    Left  Speed
2025-10-16T19:36:29.6271392Z 
2025-10-16T19:36:30.0268472Z   0     0    0     0    0     0      0      0 --:--:-- --:--:-- --:--:--     0
2025-10-16T19:36:30.0269696Z   0   207    0     0    0     0      0      0 --:--:-- --:--:-- --:--:--     0
2025-10-16T19:36:30.0271107Z curl: (22) The requested URL returned error: 404
2025-10-16T19:36:30.0288658Z ⏳ Tentative 9/10...
2025-10-16T19:36:45.0357905Z   % Total    % Received % Xferd  Average Speed   Time    Time     Time  Current
2025-10-16T19:36:45.0359820Z                                  Dload  Upload   Total   Spent    Left  Speed
2025-10-16T19:36:45.0360166Z 
2025-10-16T19:36:45.4350235Z   0     0    0     0    0     0      0      0 --:--:-- --:--:-- --:--:--     0
2025-10-16T19:36:45.4351940Z   0   207    0     0    0     0      0      0 --:--:-- --:--:-- --:--:--     0
2025-10-16T19:36:45.4352949Z curl: (22) The requested URL returned error: 404
2025-10-16T19:36:45.4369643Z ⏳ Tentative 10/10...
2025-10-16T19:37:00.4384955Z ❌ Health check échoué
2025-10-16T19:37:00.4406399Z ##[error]Process completed with exit code 1.
2025-10-16T19:37:00.4451955Z ##[group]Run ENDPOINT="https://sentiment-api-at2025.azurewebsites.net"
2025-10-16T19:37:00.4452568Z [36;1mENDPOINT="https://sentiment-api-at2025.azurewebsites.net"[0m
2025-10-16T19:37:00.4452995Z [36;1m[0m
2025-10-16T19:37:00.4453673Z [36;1mecho "## 🚀 Déploiement Azure" >> $GITHUB_STEP_SUMMARY[0m
2025-10-16T19:37:00.4454133Z [36;1mecho "" >> $GITHUB_STEP_SUMMARY[0m
2025-10-16T19:37:00.4454572Z [36;1mecho "**Application**: sentiment-api-at2025" >> $GITHUB_STEP_SUMMARY[0m
2025-10-16T19:37:00.4455157Z [36;1mecho "**Resource Group**: ***" >> $GITHUB_STEP_SUMMARY[0m
2025-10-16T19:37:00.4455718Z [36;1mecho "**Version**: \`6ac28818c9bc442b69fde8f77b0bd39aa014a882\`" >> $GITHUB_STEP_SUMMARY[0m
2025-10-16T19:37:00.4456224Z [36;1mecho "" >> $GITHUB_STEP_SUMMARY[0m
2025-10-16T19:37:00.4456618Z [36;1mecho "**URL de l'API**: $ENDPOINT" >> $GITHUB_STEP_SUMMARY[0m
2025-10-16T19:37:00.4457089Z [36;1mecho "**Health Check**: $ENDPOINT/health" >> $GITHUB_STEP_SUMMARY[0m
2025-10-16T19:37:00.4457639Z [36;1mecho "**Documentation**: $ENDPOINT/docs" >> $GITHUB_STEP_SUMMARY[0m
2025-10-16T19:37:00.4458062Z [36;1mecho "" >> $GITHUB_STEP_SUMMARY[0m
2025-10-16T19:37:00.4459250Z [36;1mecho "**Application Insights**: [Voir les logs](https://portal.azure.com/#@/resource/subscriptions/***/resourceGroups/***/providers/microsoft.insights/components/sentiment-api-insights/overview)" >> $GITHUB_STEP_SUMMARY[0m
2025-10-16T19:37:00.4492428Z shell: /usr/bin/bash -e ***0***
2025-10-16T19:37:00.4492734Z env:
2025-10-16T19:37:00.4492997Z   AZURE_WEBAPP_NAME: sentiment-api-at2025
2025-10-16T19:37:00.4493727Z   AZURE_WEBAPP_PACKAGE_PATH: .
2025-10-16T19:37:00.4494195Z   PYTHON_VERSION: 3.12
2025-10-16T19:37:00.4494546Z   pythonLocation: /opt/hostedtoolcache/Python/3.12.11/x64
2025-10-16T19:37:00.4495045Z   PKG_CONFIG_PATH: /opt/hostedtoolcache/Python/3.12.11/x64/lib/pkgconfig
2025-10-16T19:37:00.4495519Z   Python_ROOT_DIR: /opt/hostedtoolcache/Python/3.12.11/x64
2025-10-16T19:37:00.4495965Z   Python2_ROOT_DIR: /opt/hostedtoolcache/Python/3.12.11/x64
2025-10-16T19:37:00.4496400Z   Python3_ROOT_DIR: /opt/hostedtoolcache/Python/3.12.11/x64
2025-10-16T19:37:00.4496847Z   LD_LIBRARY_PATH: /opt/hostedtoolcache/Python/3.12.11/x64/lib
2025-10-16T19:37:00.4497231Z   AZURE_HTTP_USER_AGENT: 
2025-10-16T19:37:00.4497502Z ##[endgroup]
2025-10-16T19:37:00.4592888Z ##[group]Run az logout
2025-10-16T19:37:00.4593195Z [36;1maz logout[0m
2025-10-16T19:37:00.4622532Z shell: /usr/bin/bash -e ***0***
2025-10-16T19:37:00.4622841Z env:
2025-10-16T19:37:00.4623107Z   AZURE_WEBAPP_NAME: sentiment-api-at2025
2025-10-16T19:37:00.4623743Z   AZURE_WEBAPP_PACKAGE_PATH: .
2025-10-16T19:37:00.4624048Z   PYTHON_VERSION: 3.12
2025-10-16T19:37:00.4624385Z   pythonLocation: /opt/hostedtoolcache/Python/3.12.11/x64
2025-10-16T19:37:00.4624884Z   PKG_CONFIG_PATH: /opt/hostedtoolcache/Python/3.12.11/x64/lib/pkgconfig
2025-10-16T19:37:00.4625362Z   Python_ROOT_DIR: /opt/hostedtoolcache/Python/3.12.11/x64
2025-10-16T19:37:00.4625811Z   Python2_ROOT_DIR: /opt/hostedtoolcache/Python/3.12.11/x64
2025-10-16T19:37:00.4626259Z   Python3_ROOT_DIR: /opt/hostedtoolcache/Python/3.12.11/x64
2025-10-16T19:37:00.4626697Z   LD_LIBRARY_PATH: /opt/hostedtoolcache/Python/3.12.11/x64/lib
2025-10-16T19:37:00.4627255Z   AZURE_HTTP_USER_AGENT: 
2025-10-16T19:37:00.4627529Z ##[endgroup]
2025-10-16T19:37:00.9620405Z Post job cleanup.
2025-10-16T19:37:01.0238059Z Clearing azure cli accounts from the local cache.
2025-10-16T19:37:01.0254839Z [command]/usr/bin/az account clear
2025-10-16T19:37:01.5245059Z Post job cleanup.
2025-10-16T19:37:01.6510519Z [command]/usr/bin/git version
2025-10-16T19:37:01.6550227Z git version 2.51.0
2025-10-16T19:37:01.6601541Z Temporarily overriding HOME='/home/runner/work/_temp/7982b70c-7779-4c35-97ed-0c05740b2325' before making global git config changes
2025-10-16T19:37:01.6605343Z Adding repository directory to the temporary git global config as a safe directory
2025-10-16T19:37:01.6614818Z [command]/usr/bin/git config --global --add safe.directory /home/runner/work/sentiment_analysis/sentiment_analysis
2025-10-16T19:37:01.6660114Z [command]/usr/bin/git config --local --name-only --get-regexp core\.sshCommand
2025-10-16T19:37:01.6695470Z [command]/usr/bin/git submodule foreach --recursive sh -c "git config --local --name-only --get-regexp 'core\.sshCommand' && git config --local --unset-all 'core.sshCommand' || :"
2025-10-16T19:37:01.6978102Z [command]/usr/bin/git config --local --name-only --get-regexp http\.https\:\/\/github\.com\/\.extraheader
2025-10-16T19:37:01.7007017Z http.https://github.com/.extraheader
2025-10-16T19:37:01.7021045Z [command]/usr/bin/git config --local --unset-all http.https://github.com/.extraheader
2025-10-16T19:37:01.7054218Z [command]/usr/bin/git submodule foreach --recursive sh -c "git config --local --name-only --get-regexp 'http\.https\:\/\/github\.com\/\.extraheader' && git config --local --unset-all 'http.https://github.com/.extraheader' || :"
2025-10-16T19:37:01.7394107Z Cleaning up orphan processes
